Component: Arm Compiler for Embedded 6.21 Tool: armlink [5ec1fa00]

==============================================================================

Section Cross References

    stm32f4xx_nucleo.o(.ARM.exidx.text.BSP_GetVersion) refers to stm32f4xx_nucleo.o(.text.BSP_GetVersion) for [Anonymous Symbol]
    stm32f4xx_nucleo.o(.text.BSP_LED_Init) refers to stm32f4xx_nucleo.o(.rodata.GPIO_PIN) for GPIO_PIN
    stm32f4xx_nucleo.o(.text.BSP_LED_Init) refers to stm32f4xx_nucleo.o(.data.GPIO_PORT) for GPIO_PORT
    stm32f4xx_nucleo.o(.text.BSP_LED_Init) refers to stm32f4xx_hal_gpio.o(.text.HAL_GPIO_Init) for HAL_GPIO_Init
    stm32f4xx_nucleo.o(.text.BSP_LED_Init) refers to stm32f4xx_hal_gpio.o(.text.HAL_GPIO_WritePin) for HAL_GPIO_WritePin
    stm32f4xx_nucleo.o(.ARM.exidx.text.BSP_LED_Init) refers to stm32f4xx_nucleo.o(.text.BSP_LED_Init) for [Anonymous Symbol]
    stm32f4xx_nucleo.o(.text.BSP_LED_DeInit) refers to stm32f4xx_nucleo.o(.data.GPIO_PORT) for GPIO_PORT
    stm32f4xx_nucleo.o(.text.BSP_LED_DeInit) refers to stm32f4xx_nucleo.o(.rodata.GPIO_PIN) for GPIO_PIN
    stm32f4xx_nucleo.o(.text.BSP_LED_DeInit) refers to stm32f4xx_hal_gpio.o(.text.HAL_GPIO_WritePin) for HAL_GPIO_WritePin
    stm32f4xx_nucleo.o(.text.BSP_LED_DeInit) refers to stm32f4xx_hal_gpio.o(.text.HAL_GPIO_DeInit) for HAL_GPIO_DeInit
    stm32f4xx_nucleo.o(.ARM.exidx.text.BSP_LED_DeInit) refers to stm32f4xx_nucleo.o(.text.BSP_LED_DeInit) for [Anonymous Symbol]
    stm32f4xx_nucleo.o(.text.BSP_LED_On) refers to stm32f4xx_nucleo.o(.data.GPIO_PORT) for GPIO_PORT
    stm32f4xx_nucleo.o(.text.BSP_LED_On) refers to stm32f4xx_nucleo.o(.rodata.GPIO_PIN) for GPIO_PIN
    stm32f4xx_nucleo.o(.text.BSP_LED_On) refers to stm32f4xx_hal_gpio.o(.text.HAL_GPIO_WritePin) for HAL_GPIO_WritePin
    stm32f4xx_nucleo.o(.ARM.exidx.text.BSP_LED_On) refers to stm32f4xx_nucleo.o(.text.BSP_LED_On) for [Anonymous Symbol]
    stm32f4xx_nucleo.o(.text.BSP_LED_Off) refers to stm32f4xx_nucleo.o(.data.GPIO_PORT) for GPIO_PORT
    stm32f4xx_nucleo.o(.text.BSP_LED_Off) refers to stm32f4xx_nucleo.o(.rodata.GPIO_PIN) for GPIO_PIN
    stm32f4xx_nucleo.o(.text.BSP_LED_Off) refers to stm32f4xx_hal_gpio.o(.text.HAL_GPIO_WritePin) for HAL_GPIO_WritePin
    stm32f4xx_nucleo.o(.ARM.exidx.text.BSP_LED_Off) refers to stm32f4xx_nucleo.o(.text.BSP_LED_Off) for [Anonymous Symbol]
    stm32f4xx_nucleo.o(.text.BSP_LED_Toggle) refers to stm32f4xx_nucleo.o(.data.GPIO_PORT) for GPIO_PORT
    stm32f4xx_nucleo.o(.text.BSP_LED_Toggle) refers to stm32f4xx_nucleo.o(.rodata.GPIO_PIN) for GPIO_PIN
    stm32f4xx_nucleo.o(.text.BSP_LED_Toggle) refers to stm32f4xx_hal_gpio.o(.text.HAL_GPIO_TogglePin) for HAL_GPIO_TogglePin
    stm32f4xx_nucleo.o(.ARM.exidx.text.BSP_LED_Toggle) refers to stm32f4xx_nucleo.o(.text.BSP_LED_Toggle) for [Anonymous Symbol]
    stm32f4xx_nucleo.o(.text.BSP_PB_Init) refers to stm32f4xx_nucleo.o(.rodata.BUTTON_PIN) for BUTTON_PIN
    stm32f4xx_nucleo.o(.text.BSP_PB_Init) refers to stm32f4xx_nucleo.o(.data.BUTTON_PORT) for BUTTON_PORT
    stm32f4xx_nucleo.o(.text.BSP_PB_Init) refers to stm32f4xx_hal_gpio.o(.text.HAL_GPIO_Init) for HAL_GPIO_Init
    stm32f4xx_nucleo.o(.text.BSP_PB_Init) refers to stm32f4xx_nucleo.o(.rodata.BUTTON_IRQn) for BUTTON_IRQn
    stm32f4xx_nucleo.o(.text.BSP_PB_Init) refers to stm32f4xx_hal_cortex.o(.text.HAL_NVIC_SetPriority) for HAL_NVIC_SetPriority
    stm32f4xx_nucleo.o(.text.BSP_PB_Init) refers to stm32f4xx_hal_cortex.o(.text.HAL_NVIC_EnableIRQ) for HAL_NVIC_EnableIRQ
    stm32f4xx_nucleo.o(.ARM.exidx.text.BSP_PB_Init) refers to stm32f4xx_nucleo.o(.text.BSP_PB_Init) for [Anonymous Symbol]
    stm32f4xx_nucleo.o(.text.BSP_PB_DeInit) refers to stm32f4xx_nucleo.o(.rodata.BUTTON_PIN) for BUTTON_PIN
    stm32f4xx_nucleo.o(.text.BSP_PB_DeInit) refers to stm32f4xx_nucleo.o(.rodata.BUTTON_IRQn) for BUTTON_IRQn
    stm32f4xx_nucleo.o(.text.BSP_PB_DeInit) refers to stm32f4xx_hal_cortex.o(.text.HAL_NVIC_DisableIRQ) for HAL_NVIC_DisableIRQ
    stm32f4xx_nucleo.o(.text.BSP_PB_DeInit) refers to stm32f4xx_nucleo.o(.data.BUTTON_PORT) for BUTTON_PORT
    stm32f4xx_nucleo.o(.text.BSP_PB_DeInit) refers to stm32f4xx_hal_gpio.o(.text.HAL_GPIO_DeInit) for HAL_GPIO_DeInit
    stm32f4xx_nucleo.o(.ARM.exidx.text.BSP_PB_DeInit) refers to stm32f4xx_nucleo.o(.text.BSP_PB_DeInit) for [Anonymous Symbol]
    stm32f4xx_nucleo.o(.text.BSP_PB_GetState) refers to stm32f4xx_nucleo.o(.data.BUTTON_PORT) for BUTTON_PORT
    stm32f4xx_nucleo.o(.text.BSP_PB_GetState) refers to stm32f4xx_nucleo.o(.rodata.BUTTON_PIN) for BUTTON_PIN
    stm32f4xx_nucleo.o(.text.BSP_PB_GetState) refers to stm32f4xx_hal_gpio.o(.text.HAL_GPIO_ReadPin) for HAL_GPIO_ReadPin
    stm32f4xx_nucleo.o(.ARM.exidx.text.BSP_PB_GetState) refers to stm32f4xx_nucleo.o(.text.BSP_PB_GetState) for [Anonymous Symbol]
    stm32f4xx_nucleo.o(.text.SD_IO_Init) refers to stm32f4xx_hal_gpio.o(.text.HAL_GPIO_Init) for HAL_GPIO_Init
    stm32f4xx_nucleo.o(.text.SD_IO_Init) refers to stm32f4xx_nucleo.o(.text.SPIx_Init) for SPIx_Init
[...]
    Removing stm32f4xx_hal_spi.o(.ARM.exidx.text.HAL_SPI_AbortCpltCallback), (8 bytes).
    Removing stm32f4xx_hal_spi.o(.text.HAL_SPI_DMAPause), (78 bytes).
    Removing stm32f4xx_hal_spi.o(.ARM.exidx.text.HAL_SPI_DMAPause), (8 bytes).
    Removing stm32f4xx_hal_spi.o(.text.HAL_SPI_DMAResume), (78 bytes).
    Removing stm32f4xx_hal_spi.o(.ARM.exidx.text.HAL_SPI_DMAResume), (8 bytes).
    Removing stm32f4xx_hal_spi.o(.text.HAL_SPI_DMAStop), (120 bytes).
    Removing stm32f4xx_hal_spi.o(.ARM.exidx.text.HAL_SPI_DMAStop), (8 bytes).
    Removing stm32f4xx_hal_spi.o(.text.HAL_SPI_IRQHandler), (560 bytes).
    Removing stm32f4xx_hal_spi.o(.ARM.exidx.text.HAL_SPI_IRQHandler), (8 bytes).
    Removing stm32f4xx_hal_spi.o(.text.SPI_DMAAbortOnError), (32 bytes).
    Removing stm32f4xx_hal_spi.o(.ARM.exidx.text.SPI_DMAAbortOnError), (8 bytes).
    Removing stm32f4xx_hal_spi.o(.text.HAL_SPI_ErrorCallback), (8 bytes).
    Removing stm32f4xx_hal_spi.o(.ARM.exidx.text.HAL_SPI_ErrorCallback), (8 bytes).
    Removing stm32f4xx_hal_spi.o(.text.HAL_SPI_TxCpltCallback), (8 bytes).
    Removing stm32f4xx_hal_spi.o(.ARM.exidx.text.HAL_SPI_TxCpltCallback), (8 bytes).
    Removing stm32f4xx_hal_spi.o(.text.HAL_SPI_RxCpltCallback), (8 bytes).
    Removing stm32f4xx_hal_spi.o(.ARM.exidx.text.HAL_SPI_RxCpltCallback), (8 bytes).
    Removing stm32f4xx_hal_spi.o(.text.HAL_SPI_TxRxCpltCallback), (8 bytes).
    Removing stm32f4xx_hal_spi.o(.ARM.exidx.text.HAL_SPI_TxRxCpltCallback), (8 bytes).
    Removing stm32f4xx_hal_spi.o(.text.HAL_SPI_TxHalfCpltCallback), (8 bytes).
    Removing stm32f4xx_hal_spi.o(.ARM.exidx.text.HAL_SPI_TxHalfCpltCallback), (8 bytes).
    Removing stm32f4xx_hal_spi.o(.text.HAL_SPI_RxHalfCpltCallback), (8 bytes).
    Removing stm32f4xx_hal_spi.o(.ARM.exidx.text.HAL_SPI_RxHalfCpltCallback), (8 bytes).
    Removing stm32f4xx_hal_spi.o(.text.HAL_SPI_TxRxHalfCpltCallback), (8 bytes).
    Removing stm32f4xx_hal_spi.o(.ARM.exidx.text.HAL_SPI_TxRxHalfCpltCallback), (8 bytes).
    Removing stm32f4xx_hal_spi.o(.text.HAL_SPI_GetState), (14 bytes).
    Removing stm32f4xx_hal_spi.o(.ARM.exidx.text.HAL_SPI_GetState), (8 bytes).
    Removing stm32f4xx_hal_spi.o(.text.HAL_SPI_GetError), (12 bytes).
    Removing stm32f4xx_hal_spi.o(.ARM.exidx.text.HAL_SPI_GetError), (8 bytes).
    Removing stm32f4xx_hal_spi.o(.text.SPI_2linesRxISR_8BITCRC), (64 bytes).
    Removing stm32f4xx_hal_spi.o(.ARM.exidx.text.SPI_2linesRxISR_8BITCRC), (8 bytes).
    Removing stm32f4xx_hal_spi.o(.text.SPI_CloseRxTx_ISR), (304 bytes).
    Removing stm32f4xx_hal_spi.o(.ARM.exidx.text.SPI_CloseRxTx_ISR), (8 bytes).
    Removing stm32f4xx_hal_spi.o(.text.SPI_2linesRxISR_16BITCRC), (42 bytes).
    Removing stm32f4xx_hal_spi.o(.ARM.exidx.text.SPI_2linesRxISR_16BITCRC), (8 bytes).
    Removing stm32f4xx_hal_spi.o(.text.SPI_RxISR_8BITCRC), (42 bytes).
    Removing stm32f4xx_hal_spi.o(.ARM.exidx.text.SPI_RxISR_8BITCRC), (8 bytes).
    Removing stm32f4xx_hal_spi.o(.text.SPI_CloseRx_ISR), (174 bytes).
    Removing stm32f4xx_hal_spi.o(.ARM.exidx.text.SPI_CloseRx_ISR), (8 bytes).
    Removing stm32f4xx_hal_spi.o(.text.SPI_RxISR_16BITCRC), (42 bytes).
    Removing stm32f4xx_hal_spi.o(.ARM.exidx.text.SPI_RxISR_16BITCRC), (8 bytes).
    Removing stm32f4xx_hal_spi.o(.text.SPI_CloseTx_ISR), (208 bytes).
    Removing stm32f4xx_hal_spi.o(.ARM.exidx.text.SPI_CloseTx_ISR), (8 bytes).
    Removing stm32f4xx_hal_dma.o(.text), (0 bytes).
    Removing stm32f4xx_hal_dma.o(.text.HAL_DMA_Init), (366 bytes).
    Removing stm32f4xx_hal_dma.o(.ARM.exidx.text.HAL_DMA_Init), (8 bytes).
    Removing stm32f4xx_hal_dma.o(.text.DMA_CheckFifoParam), (240 bytes).
    Removing stm32f4xx_hal_dma.o(.ARM.exidx.text.DMA_CheckFifoParam), (8 bytes).
    Removing stm32f4xx_hal_dma.o(.text.DMA_CalcBaseAndBitshift), (86 bytes).
    Removing stm32f4xx_hal_dma.o(.ARM.exidx.text.DMA_CalcBaseAndBitshift), (8 bytes).
    Removing stm32f4xx_hal_dma.o(.text.HAL_DMA_DeInit), (180 bytes).
    Removing stm32f4xx_hal_dma.o(.ARM.exidx.text.HAL_DMA_DeInit), (8 bytes).
    Removing stm32f4xx_hal_dma.o(.text.HAL_DMA_Start), (142 bytes).
    Removing stm32f4xx_hal_dma.o(.ARM.exidx.text.HAL_DMA_Start), (8 bytes).
    Removing stm32f4xx_hal_dma.o(.text.DMA_SetConfig), (80 bytes).
    Removing stm32f4xx_hal_dma.o(.ARM.exidx.text.DMA_SetConfig), (8 bytes).
    Removing stm32f4xx_hal_dma.o(.text.HAL_DMA_Start_IT), (194 bytes).
    Removing stm32f4xx_hal_dma.o(.ARM.exidx.text.HAL_DMA_Start_IT), (8 bytes).
    Removing stm32f4xx_hal_dma.o(.text.HAL_DMA_Abort), (236 bytes).
    Removing stm32f4xx_hal_dma.o(.ARM.exidx.text.HAL_DMA_Abort), (8 bytes).
    Removing stm32f4xx_hal_dma.o(.text.HAL_DMA_Abort_IT), (68 bytes).
    Removing stm32f4xx_hal_dma.o(.ARM.exidx.text.HAL_DMA_Abort_IT), (8 bytes).
    Removing stm32f4xx_hal_dma.o(.text.HAL_DMA_PollForTransfer), (506 bytes).
    Removing stm32f4xx_hal_dma.o(.ARM.exidx.text.HAL_DMA_PollForTransfer), (8 bytes).
    Removing stm32f4xx_hal_dma.o(.text.HAL_DMA_IRQHandler), (798 bytes).
    Removing stm32f4xx_hal_dma.o(.ARM.exidx.text.HAL_DMA_IRQHandler), (8 bytes).
    Removing stm32f4xx_hal_dma.o(.text.HAL_DMA_RegisterCallback), (182 bytes).
    Removing stm32f4xx_hal_dma.o(.ARM.exidx.text.HAL_DMA_RegisterCallback), (8 bytes).
    Removing stm32f4xx_hal_dma.o(.text.HAL_DMA_UnRegisterCallback), (210 bytes).
    Removing stm32f4xx_hal_dma.o(.ARM.exidx.text.HAL_DMA_UnRegisterCallback), (8 bytes).
    Removing stm32f4xx_hal_dma.o(.text.HAL_DMA_GetState), (14 bytes).
    Removing stm32f4xx_hal_dma.o(.ARM.exidx.text.HAL_DMA_GetState), (8 bytes).
    Removing stm32f4xx_hal_dma.o(.text.HAL_DMA_GetError), (12 bytes).
    Removing stm32f4xx_hal_dma.o(.ARM.exidx.text.HAL_DMA_GetError), (8 bytes).
    Removing stm32f4xx_hal_dma.o(.rodata.DMA_CalcBaseAndBitshift.flagBitshiftOffset), (8 bytes).
    Removing stm32f4xx_hal_adc_ex.o(.text), (0 bytes).
    Removing stm32f4xx_hal_adc_ex.o(.text.HAL_ADCEx_InjectedStart), (398 bytes).
    Removing stm32f4xx_hal_adc_ex.o(.ARM.exidx.text.HAL_ADCEx_InjectedStart), (8 bytes).
    Removing stm32f4xx_hal_adc_ex.o(.text.HAL_ADCEx_InjectedStart_IT), (410 bytes).
    Removing stm32f4xx_hal_adc_ex.o(.ARM.exidx.text.HAL_ADCEx_InjectedStart_IT), (8 bytes).
    Removing stm32f4xx_hal_adc_ex.o(.text.HAL_ADCEx_InjectedStop), (162 bytes).
    Removing stm32f4xx_hal_adc_ex.o(.ARM.exidx.text.HAL_ADCEx_InjectedStop), (8 bytes).
    Removing stm32f4xx_hal_adc_ex.o(.text.HAL_ADCEx_InjectedPollForConversion), (264 bytes).
    Removing stm32f4xx_hal_adc_ex.o(.ARM.exidx.text.HAL_ADCEx_InjectedPollForConversion), (8 bytes).
    Removing stm32f4xx_hal_adc_ex.o(.text.HAL_ADCEx_InjectedStop_IT), (174 bytes).
    Removing stm32f4xx_hal_adc_ex.o(.ARM.exidx.text.HAL_ADCEx_InjectedStop_IT), (8 bytes).
    Removing stm32f4xx_hal_adc_ex.o(.text.HAL_ADCEx_InjectedGetValue), (90 bytes).
    Removing stm32f4xx_hal_adc_ex.o(.ARM.exidx.text.HAL_ADCEx_InjectedGetValue), (8 bytes).
    Removing stm32f4xx_hal_adc_ex.o(.text.HAL_ADCEx_MultiModeStart_DMA), (420 bytes).
    Removing stm32f4xx_hal_adc_ex.o(.ARM.exidx.text.HAL_ADCEx_MultiModeStart_DMA), (8 bytes).
    Removing stm32f4xx_hal_adc_ex.o(.text.ADC_MultiModeDMAConvCplt), (156 bytes).
    Removing stm32f4xx_hal_adc_ex.o(.ARM.exidx.text.ADC_MultiModeDMAConvCplt), (8 bytes).
    Removing stm32f4xx_hal_adc_ex.o(.text.ADC_MultiModeDMAHalfConvCplt), (22 bytes).
    Removing stm32f4xx_hal_adc_ex.o(.ARM.exidx.text.ADC_MultiModeDMAHalfConvCplt), (8 bytes).
    Removing stm32f4xx_hal_adc_ex.o(.text.ADC_MultiModeDMAError), (38 bytes).
    Removing stm32f4xx_hal_adc_ex.o(.ARM.exidx.text.ADC_MultiModeDMAError), (8 bytes).
    Removing stm32f4xx_hal_adc_ex.o(.text.HAL_ADCEx_MultiModeStop_DMA), (162 bytes).
    Removing stm32f4xx_hal_adc_ex.o(.ARM.exidx.text.HAL_ADCEx_MultiModeStop_DMA), (8 bytes).
    Removing stm32f4xx_hal_adc_ex.o(.text.HAL_ADCEx_MultiModeGetValue), (22 bytes).
    Removing stm32f4xx_hal_adc_ex.o(.ARM.exidx.text.HAL_ADCEx_MultiModeGetValue), (8 bytes).
    Removing stm32f4xx_hal_adc_ex.o(.text.HAL_ADCEx_InjectedConvCpltCallback), (8 bytes).
    Removing stm32f4xx_hal_adc_ex.o(.ARM.exidx.text.HAL_ADCEx_InjectedConvCpltCallback), (8 bytes).
    Removing stm32f4xx_hal_adc_ex.o(.text.HAL_ADCEx_InjectedConfigChannel), (722 bytes).
    Removing stm32f4xx_hal_adc_ex.o(.ARM.exidx.text.HAL_ADCEx_InjectedConfigChannel), (8 bytes).
    Removing stm32f4xx_hal_adc_ex.o(.text.HAL_ADCEx_MultiModeConfigChannel), (144 bytes).
    Removing stm32f4xx_hal_adc_ex.o(.ARM.exidx.text.HAL_ADCEx_MultiModeConfigChannel), (8 bytes).
    Removing stm32f4xx_hal.o(.text), (0 bytes).
    Removing stm32f4xx_hal.o(.ARM.exidx.text.HAL_Init), (8 bytes).
    Removing stm32f4xx_hal.o(.ARM.exidx.text.HAL_InitTick), (8 bytes).
    Removing stm32f4xx_hal.o(.ARM.exidx.text.HAL_MspInit), (8 bytes).
    Removing stm32f4xx_hal.o(.text.HAL_DeInit), (108 bytes).
    Removing stm32f4xx_hal.o(.ARM.exidx.text.HAL_DeInit), (8 bytes).
    Removing stm32f4xx_hal.o(.text.HAL_MspDeInit), (2 bytes).
    Removing stm32f4xx_hal.o(.ARM.exidx.text.HAL_MspDeInit), (8 bytes).
    Removing stm32f4xx_hal.o(.ARM.exidx.text.HAL_IncTick), (8 bytes).
    Removing stm32f4xx_hal.o(.ARM.exidx.text.HAL_GetTick), (8 bytes).
    Removing stm32f4xx_hal.o(.text.HAL_GetTickPrio), (12 bytes).
    Removing stm32f4xx_hal.o(.ARM.exidx.text.HAL_GetTickPrio), (8 bytes).
    Removing stm32f4xx_hal.o(.text.HAL_SetTickFreq), (106 bytes).
    Removing stm32f4xx_hal.o(.ARM.exidx.text.HAL_SetTickFreq), (8 bytes).
    Removing stm32f4xx_hal.o(.text.HAL_GetTickFreq), (12 bytes).
    Removing stm32f4xx_hal.o(.ARM.exidx.text.HAL_GetTickFreq), (8 bytes).
    Removing stm32f4xx_hal.o(.ARM.exidx.text.HAL_Delay), (8 bytes).
    Removing stm32f4xx_hal.o(.text.HAL_SuspendTick), (18 bytes).
    Removing stm32f4xx_hal.o(.ARM.exidx.text.HAL_SuspendTick), (8 bytes).
    Removing stm32f4xx_hal.o(.text.HAL_ResumeTick), (18 bytes).
    Removing stm32f4xx_hal.o(.ARM.exidx.text.HAL_ResumeTick), (8 bytes).
    Removing stm32f4xx_hal.o(.text.HAL_GetHalVersion), (10 bytes).
    Removing stm32f4xx_hal.o(.ARM.exidx.text.HAL_GetHalVersion), (8 bytes).
    Removing stm32f4xx_hal.o(.text.HAL_GetREVID), (14 bytes).
    Removing stm32f4xx_hal.o(.ARM.exidx.text.HAL_GetREVID), (8 bytes).
    Removing stm32f4xx_hal.o(.text.HAL_GetDEVID), (16 bytes).
    Removing stm32f4xx_hal.o(.ARM.exidx.text.HAL_GetDEVID), (8 bytes).
    Removing stm32f4xx_hal.o(.text.HAL_DBGMCU_EnableDBGSleepMode), (18 bytes).
    Removing stm32f4xx_hal.o(.ARM.exidx.text.HAL_DBGMCU_EnableDBGSleepMode), (8 bytes).
    Removing stm32f4xx_hal.o(.text.HAL_DBGMCU_DisableDBGSleepMode), (18 bytes).
    Removing stm32f4xx_hal.o(.ARM.exidx.text.HAL_DBGMCU_DisableDBGSleepMode), (8 bytes).
    Removing stm32f4xx_hal.o(.text.HAL_DBGMCU_EnableDBGStopMode), (18 bytes).
    Removing stm32f4xx_hal.o(.ARM.exidx.text.HAL_DBGMCU_EnableDBGStopMode), (8 bytes).
    Removing stm32f4xx_hal.o(.text.HAL_DBGMCU_DisableDBGStopMode), (18 bytes).
    Removing stm32f4xx_hal.o(.ARM.exidx.text.HAL_DBGMCU_DisableDBGStopMode), (8 bytes).
    Removing stm32f4xx_hal.o(.text.HAL_DBGMCU_EnableDBGStandbyMode), (18 bytes).
    Removing stm32f4xx_hal.o(.ARM.exidx.text.HAL_DBGMCU_EnableDBGStandbyMode), (8 bytes).
    Removing stm32f4xx_hal.o(.text.HAL_DBGMCU_DisableDBGStandbyMode), (18 bytes).
    Removing stm32f4xx_hal.o(.ARM.exidx.text.HAL_DBGMCU_DisableDBGStandbyMode), (8 bytes).
    Removing stm32f4xx_hal.o(.text.HAL_EnableCompensationCell), (14 bytes).
    Removing stm32f4xx_hal.o(.ARM.exidx.text.HAL_EnableCompensationCell), (8 bytes).
    Removing stm32f4xx_hal.o(.text.HAL_DisableCompensationCell), (14 bytes).
    Removing stm32f4xx_hal.o(.ARM.exidx.text.HAL_DisableCompensationCell), (8 bytes).
    Removing stm32f4xx_hal.o(.text.HAL_GetUIDw0), (12 bytes).
    Removing stm32f4xx_hal.o(.ARM.exidx.text.HAL_GetUIDw0), (8 bytes).
    Removing stm32f4xx_hal.o(.text.HAL_GetUIDw1), (12 bytes).
    Removing stm32f4xx_hal.o(.ARM.exidx.text.HAL_GetUIDw1), (8 bytes).
    Removing stm32f4xx_hal.o(.text.HAL_GetUIDw2), (12 bytes).
    Removing stm32f4xx_hal.o(.ARM.exidx.text.HAL_GetUIDw2), (8 bytes).
    Removing stm32f4xx_hal_uart.o(.text), (0 bytes).
    Removing stm32f4xx_hal_uart.o(.ARM.exidx.text.HAL_UART_Init), (8 bytes).
    Removing stm32f4xx_hal_uart.o(.text.HAL_UART_MspInit), (8 bytes).
    Removing stm32f4xx_hal_uart.o(.ARM.exidx.text.HAL_UART_MspInit), (8 bytes).
    Removing stm32f4xx_hal_uart.o(.ARM.exidx.text.UART_SetConfig), (8 bytes).
    Removing stm32f4xx_hal_uart.o(.text.HAL_HalfDuplex_Init), (158 bytes).
    Removing stm32f4xx_hal_uart.o(.ARM.exidx.text.HAL_HalfDuplex_Init), (8 bytes).
    Removing stm32f4xx_hal_uart.o(.text.HAL_LIN_Init), (184 bytes).
    Removing stm32f4xx_hal_uart.o(.ARM.exidx.text.HAL_LIN_Init), (8 bytes).
    Removing stm32f4xx_hal_uart.o(.text.HAL_MultiProcessor_Init), (202 bytes).
    Removing stm32f4xx_hal_uart.o(.ARM.exidx.text.HAL_MultiProcessor_Init), (8 bytes).
    Removing stm32f4xx_hal_uart.o(.text.HAL_UART_DeInit), (100 bytes).
    Removing stm32f4xx_hal_uart.o(.ARM.exidx.text.HAL_UART_DeInit), (8 bytes).
    Removing stm32f4xx_hal_uart.o(.text.HAL_UART_MspDeInit), (8 bytes).
    Removing stm32f4xx_hal_uart.o(.ARM.exidx.text.HAL_UART_MspDeInit), (8 bytes).
    Removing stm32f4xx_hal_uart.o(.ARM.exidx.text.HAL_UART_Transmit), (8 bytes).
    Removing stm32f4xx_hal_uart.o(.ARM.exidx.text.UART_WaitOnFlagUntilTimeout), (8 bytes).
    Removing stm32f4xx_hal_uart.o(.text.HAL_UART_Receive), (318 bytes).
    Removing stm32f4xx_hal_uart.o(.ARM.exidx.text.HAL_UART_Receive), (8 bytes).
    Removing stm32f4xx_hal_uart.o(.text.HAL_UART_Transmit_IT), (114 bytes).
    Removing stm32f4xx_hal_uart.o(.ARM.exidx.text.HAL_UART_Transmit_IT), (8 bytes).
    Removing stm32f4xx_hal_uart.o(.text.HAL_UART_Receive_IT), (86 bytes).
    Removing stm32f4xx_hal_uart.o(.ARM.exidx.text.HAL_UART_Receive_IT), (8 bytes).
    Removing stm32f4xx_hal_uart.o(.text.UART_Start_Receive_IT), (98 bytes).
    Removing stm32f4xx_hal_uart.o(.ARM.exidx.text.UART_Start_Receive_IT), (8 bytes).
    Removing stm32f4xx_hal_uart.o(.text.HAL_UART_Transmit_DMA), (226 bytes).
    Removing stm32f4xx_hal_uart.o(.ARM.exidx.text.HAL_UART_Transmit_DMA), (8 bytes).
    Removing stm32f4xx_hal_uart.o(.text.UART_DMATransmitCplt), (122 bytes).
    Removing stm32f4xx_hal_uart.o(.ARM.exidx.text.UART_DMATransmitCplt), (8 bytes).
    Removing stm32f4xx_hal_uart.o(.text.UART_DMATxHalfCplt), (22 bytes).
    Removing stm32f4xx_hal_uart.o(.ARM.exidx.text.UART_DMATxHalfCplt), (8 bytes).
    Removing stm32f4xx_hal_uart.o(.text.UART_DMAError), (124 bytes).
    Removing stm32f4xx_hal_uart.o(.ARM.exidx.text.UART_DMAError), (8 bytes).
    Removing stm32f4xx_hal_uart.o(.text.HAL_UART_Receive_DMA), (86 bytes).
    Removing stm32f4xx_hal_uart.o(.ARM.exidx.text.HAL_UART_Receive_DMA), (8 bytes).
    Removing stm32f4xx_hal_uart.o(.text.UART_Start_Receive_DMA), (268 bytes).
    Removing stm32f4xx_hal_uart.o(.ARM.exidx.text.UART_Start_Receive_DMA), (8 bytes).
    Removing stm32f4xx_hal_uart.o(.text.HAL_UART_DMAPause), (230 bytes).
    Removing stm32f4xx_hal_uart.o(.ARM.exidx.text.HAL_UART_DMAPause), (8 bytes).
    Removing stm32f4xx_hal_uart.o(.text.HAL_UART_DMAResume), (226 bytes).
    Removing stm32f4xx_hal_uart.o(.ARM.exidx.text.HAL_UART_DMAResume), (8 bytes).
    Removing stm32f4xx_hal_uart.o(.text.HAL_UART_DMAStop), (204 bytes).
    Removing stm32f4xx_hal_uart.o(.ARM.exidx.text.HAL_UART_DMAStop), (8 bytes).
    Removing stm32f4xx_hal_uart.o(.text.UART_EndTxTransfer), (54 bytes).
    Removing stm32f4xx_hal_uart.o(.ARM.exidx.text.UART_EndTxTransfer), (8 bytes).
    Removing stm32f4xx_hal_uart.o(.ARM.exidx.text.UART_EndRxTransfer), (8 bytes).
    Removing stm32f4xx_hal_uart.o(.text.HAL_UARTEx_ReceiveToIdle), (448 bytes).
    Removing stm32f4xx_hal_uart.o(.ARM.exidx.text.HAL_UARTEx_ReceiveToIdle), (8 bytes).
    Removing stm32f4xx_hal_uart.o(.text.HAL_UARTEx_ReceiveToIdle_IT), (194 bytes).
    Removing stm32f4xx_hal_uart.o(.ARM.exidx.text.HAL_UARTEx_ReceiveToIdle_IT), (8 bytes).
    Removing stm32f4xx_hal_uart.o(.text.HAL_UARTEx_ReceiveToIdle_DMA), (194 bytes).
    Removing stm32f4xx_hal_uart.o(.ARM.exidx.text.HAL_UARTEx_ReceiveToIdle_DMA), (8 bytes).
    Removing stm32f4xx_hal_uart.o(.text.HAL_UARTEx_GetRxEventType), (12 bytes).
    Removing stm32f4xx_hal_uart.o(.ARM.exidx.text.HAL_UARTEx_GetRxEventType), (8 bytes).
    Removing stm32f4xx_hal_uart.o(.text.HAL_UART_Abort), (406 bytes).
    Removing stm32f4xx_hal_uart.o(.ARM.exidx.text.HAL_UART_Abort), (8 bytes).
    Removing stm32f4xx_hal_uart.o(.text.HAL_UART_AbortTransmit), (186 bytes).
    Removing stm32f4xx_hal_uart.o(.ARM.exidx.text.HAL_UART_AbortTransmit), (8 bytes).
    Removing stm32f4xx_hal_uart.o(.text.HAL_UART_AbortReceive), (278 bytes).
    Removing stm32f4xx_hal_uart.o(.ARM.exidx.text.HAL_UART_AbortReceive), (8 bytes).
    Removing stm32f4xx_hal_uart.o(.text.HAL_UART_Abort_IT), (478 bytes).
    Removing stm32f4xx_hal_uart.o(.ARM.exidx.text.HAL_UART_Abort_IT), (8 bytes).
    Removing stm32f4xx_hal_uart.o(.text.UART_DMATxAbortCallback), (86 bytes).
    Removing stm32f4xx_hal_uart.o(.ARM.exidx.text.UART_DMATxAbortCallback), (8 bytes).
    Removing stm32f4xx_hal_uart.o(.text.UART_DMARxAbortCallback), (86 bytes).
    Removing stm32f4xx_hal_uart.o(.ARM.exidx.text.UART_DMARxAbortCallback), (8 bytes).
    Removing stm32f4xx_hal_uart.o(.text.HAL_UART_AbortCpltCallback), (8 bytes).
    Removing stm32f4xx_hal_uart.o(.ARM.exidx.text.HAL_UART_AbortCpltCallback), (8 bytes).
    Removing stm32f4xx_hal_uart.o(.text.HAL_UART_AbortTransmit_IT), (194 bytes).
    Removing stm32f4xx_hal_uart.o(.ARM.exidx.text.HAL_UART_AbortTransmit_IT), (8 bytes).
    Removing stm32f4xx_hal_uart.o(.text.UART_DMATxOnlyAbortCallback), (36 bytes).
    Removing stm32f4xx_hal_uart.o(.ARM.exidx.text.UART_DMATxOnlyAbortCallback), (8 bytes).
    Removing stm32f4xx_hal_uart.o(.text.HAL_UART_AbortTransmitCpltCallback), (8 bytes).
    Removing stm32f4xx_hal_uart.o(.ARM.exidx.text.HAL_UART_AbortTransmitCpltCallback), (8 bytes).
    Removing stm32f4xx_hal_uart.o(.text.HAL_UART_AbortReceive_IT), (290 bytes).
    Removing stm32f4xx_hal_uart.o(.ARM.exidx.text.HAL_UART_AbortReceive_IT), (8 bytes).
    Removing stm32f4xx_hal_uart.o(.text.UART_DMARxOnlyAbortCallback), (40 bytes).
    Removing stm32f4xx_hal_uart.o(.ARM.exidx.text.UART_DMARxOnlyAbortCallback), (8 bytes).
    Removing stm32f4xx_hal_uart.o(.text.HAL_UART_AbortReceiveCpltCallback), (8 bytes).
    Removing stm32f4xx_hal_uart.o(.ARM.exidx.text.HAL_UART_AbortReceiveCpltCallback), (8 bytes).
    Removing stm32f4xx_hal_uart.o(.text.HAL_UART_IRQHandler), (1068 bytes).
    Removing stm32f4xx_hal_uart.o(.ARM.exidx.text.HAL_UART_IRQHandler), (8 bytes).
    Removing stm32f4xx_hal_uart.o(.text.UART_Receive_IT), (362 bytes).
    Removing stm32f4xx_hal_uart.o(.ARM.exidx.text.UART_Receive_IT), (8 bytes).
    Removing stm32f4xx_hal_uart.o(.text.UART_DMAAbortOnError), (32 bytes).
    Removing stm32f4xx_hal_uart.o(.ARM.exidx.text.UART_DMAAbortOnError), (8 bytes).
    Removing stm32f4xx_hal_uart.o(.text.HAL_UART_ErrorCallback), (8 bytes).
    Removing stm32f4xx_hal_uart.o(.ARM.exidx.text.HAL_UART_ErrorCallback), (8 bytes).
    Removing stm32f4xx_hal_uart.o(.text.HAL_UARTEx_RxEventCallback), (12 bytes).
    Removing stm32f4xx_hal_uart.o(.ARM.exidx.text.HAL_UARTEx_RxEventCallback), (8 bytes).
    Removing stm32f4xx_hal_uart.o(.text.UART_Transmit_IT), (148 bytes).
    Removing stm32f4xx_hal_uart.o(.ARM.exidx.text.UART_Transmit_IT), (8 bytes).
    Removing stm32f4xx_hal_uart.o(.text.UART_EndTransmit_IT), (38 bytes).
    Removing stm32f4xx_hal_uart.o(.ARM.exidx.text.UART_EndTransmit_IT), (8 bytes).
    Removing stm32f4xx_hal_uart.o(.text.HAL_UART_TxCpltCallback), (8 bytes).
    Removing stm32f4xx_hal_uart.o(.ARM.exidx.text.HAL_UART_TxCpltCallback), (8 bytes).
    Removing stm32f4xx_hal_uart.o(.text.HAL_UART_TxHalfCpltCallback), (8 bytes).
    Removing stm32f4xx_hal_uart.o(.ARM.exidx.text.HAL_UART_TxHalfCpltCallback), (8 bytes).
    Removing stm32f4xx_hal_uart.o(.text.HAL_UART_RxCpltCallback), (8 bytes).
    Removing stm32f4xx_hal_uart.o(.ARM.exidx.text.HAL_UART_RxCpltCallback), (8 bytes).
    Removing stm32f4xx_hal_uart.o(.text.HAL_UART_RxHalfCpltCallback), (8 bytes).
    Removing stm32f4xx_hal_uart.o(.ARM.exidx.text.HAL_UART_RxHalfCpltCallback), (8 bytes).
    Removing stm32f4xx_hal_uart.o(.text.HAL_LIN_SendBreak), (120 bytes).
    Removing stm32f4xx_hal_uart.o(.ARM.exidx.text.HAL_LIN_SendBreak), (8 bytes).
    Removing stm32f4xx_hal_uart.o(.text.HAL_MultiProcessor_EnterMuteMode), (126 bytes).
    Removing stm32f4xx_hal_uart.o(.ARM.exidx.text.HAL_MultiProcessor_EnterMuteMode), (8 bytes).
    Removing stm32f4xx_hal_uart.o(.text.HAL_MultiProcessor_ExitMuteMode), (126 bytes).
    Removing stm32f4xx_hal_uart.o(.ARM.exidx.text.HAL_MultiProcessor_ExitMuteMode), (8 bytes).
    Removing stm32f4xx_hal_uart.o(.text.HAL_HalfDuplex_EnableTransmitter), (118 bytes).
    Removing stm32f4xx_hal_uart.o(.ARM.exidx.text.HAL_HalfDuplex_EnableTransmitter), (8 bytes).
    Removing stm32f4xx_hal_uart.o(.text.HAL_HalfDuplex_EnableReceiver), (118 bytes).
    Removing stm32f4xx_hal_uart.o(.ARM.exidx.text.HAL_HalfDuplex_EnableReceiver), (8 bytes).
    Removing stm32f4xx_hal_uart.o(.text.HAL_UART_GetState), (40 bytes).
    Removing stm32f4xx_hal_uart.o(.ARM.exidx.text.HAL_UART_GetState), (8 bytes).
    Removing stm32f4xx_hal_uart.o(.text.HAL_UART_GetError), (12 bytes).
    Removing stm32f4xx_hal_uart.o(.ARM.exidx.text.HAL_UART_GetError), (8 bytes).
    Removing stm32f4xx_hal_uart.o(.text.UART_DMAReceiveCplt), (244 bytes).
    Removing stm32f4xx_hal_uart.o(.ARM.exidx.text.UART_DMAReceiveCplt), (8 bytes).
    Removing stm32f4xx_hal_uart.o(.text.UART_DMARxHalfCplt), (52 bytes).
    Removing stm32f4xx_hal_uart.o(.ARM.exidx.text.UART_DMARxHalfCplt), (8 bytes).
    Removing stm32f4xx_hal_dma_ex.o(.text), (0 bytes).
    Removing stm32f4xx_hal_dma_ex.o(.text.HAL_DMAEx_MultiBufferStart), (176 bytes).
    Removing stm32f4xx_hal_dma_ex.o(.ARM.exidx.text.HAL_DMAEx_MultiBufferStart), (8 bytes).
    Removing stm32f4xx_hal_dma_ex.o(.text.DMA_MultiBufferSetConfig), (68 bytes).
    Removing stm32f4xx_hal_dma_ex.o(.ARM.exidx.text.DMA_MultiBufferSetConfig), (8 bytes).
    Removing stm32f4xx_hal_dma_ex.o(.text.HAL_DMAEx_MultiBufferStart_IT), (8244 bytes).
    Removing stm32f4xx_hal_dma_ex.o(.ARM.exidx.text.HAL_DMAEx_MultiBufferStart_IT), (8 bytes).
    Removing stm32f4xx_hal_dma_ex.o(.text.HAL_DMAEx_ChangeMemory), (44 bytes).
    Removing stm32f4xx_hal_dma_ex.o(.ARM.exidx.text.HAL_DMAEx_ChangeMemory), (8 bytes).
    Removing stm32f4xx_hal_flash.o(.text), (0 bytes).
    Removing stm32f4xx_hal_flash.o(.text.HAL_FLASH_Program), (216 bytes).
    Removing stm32f4xx_hal_flash.o(.ARM.exidx.text.HAL_FLASH_Program), (8 bytes).
    Removing stm32f4xx_hal_flash.o(.text.FLASH_WaitForLastOperation), (164 bytes).
    Removing stm32f4xx_hal_flash.o(.ARM.exidx.text.FLASH_WaitForLastOperation), (8 bytes).
    Removing stm32f4xx_hal_flash.o(.text.FLASH_Program_Byte), (48 bytes).
    Removing stm32f4xx_hal_flash.o(.ARM.exidx.text.FLASH_Program_Byte), (8 bytes).
    Removing stm32f4xx_hal_flash.o(.text.FLASH_Program_HalfWord), (52 bytes).
    Removing stm32f4xx_hal_flash.o(.ARM.exidx.text.FLASH_Program_HalfWord), (8 bytes).
    Removing stm32f4xx_hal_flash.o(.text.FLASH_Program_Word), (48 bytes).
    Removing stm32f4xx_hal_flash.o(.ARM.exidx.text.FLASH_Program_Word), (8 bytes).
    Removing stm32f4xx_hal_flash.o(.text.FLASH_Program_DoubleWord), (60 bytes).
    Removing stm32f4xx_hal_flash.o(.ARM.exidx.text.FLASH_Program_DoubleWord), (8 bytes).
    Removing stm32f4xx_hal_flash.o(.text.HAL_FLASH_Program_IT), (190 bytes).
    Removing stm32f4xx_hal_flash.o(.ARM.exidx.text.HAL_FLASH_Program_IT), (8 bytes).
    Removing stm32f4xx_hal_flash.o(.text.HAL_FLASH_IRQHandler), (410 bytes).
    Removing stm32f4xx_hal_flash.o(.ARM.exidx.text.HAL_FLASH_IRQHandler), (8 bytes).
    Removing stm32f4xx_hal_flash.o(.text.FLASH_SetErrorCode), (292 bytes).
    Removing stm32f4xx_hal_flash.o(.ARM.exidx.text.FLASH_SetErrorCode), (8 bytes).
    Removing stm32f4xx_hal_flash.o(.text.HAL_FLASH_OperationErrorCallback), (8 bytes).
    Removing stm32f4xx_hal_flash.o(.ARM.exidx.text.HAL_FLASH_OperationErrorCallback), (8 bytes).
    Removing stm32f4xx_hal_flash.o(.text.HAL_FLASH_EndOfOperationCallback), (8 bytes).
    Removing stm32f4xx_hal_flash.o(.ARM.exidx.text.HAL_FLASH_EndOfOperationCallback), (8 bytes).
    Removing stm32f4xx_hal_flash.o(.text.HAL_FLASH_Unlock), (86 bytes).
    Removing stm32f4xx_hal_flash.o(.ARM.exidx.text.HAL_FLASH_Unlock), (8 bytes).
    Removing stm32f4xx_hal_flash.o(.text.HAL_FLASH_Lock), (20 bytes).
    Removing stm32f4xx_hal_flash.o(.ARM.exidx.text.HAL_FLASH_Lock), (8 bytes).
    Removing stm32f4xx_hal_flash.o(.text.HAL_FLASH_OB_Unlock), (72 bytes).
    Removing stm32f4xx_hal_flash.o(.ARM.exidx.text.HAL_FLASH_OB_Unlock), (8 bytes).
    Removing stm32f4xx_hal_flash.o(.text.HAL_FLASH_OB_Lock), (20 bytes).
    Removing stm32f4xx_hal_flash.o(.ARM.exidx.text.HAL_FLASH_OB_Lock), (8 bytes).
    Removing stm32f4xx_hal_flash.o(.text.HAL_FLASH_OB_Launch), (28 bytes).
    Removing stm32f4xx_hal_flash.o(.ARM.exidx.text.HAL_FLASH_OB_Launch), (8 bytes).
    Removing stm32f4xx_hal_flash.o(.text.HAL_FLASH_GetError), (12 bytes).
    Removing stm32f4xx_hal_flash.o(.ARM.exidx.text.HAL_FLASH_GetError), (8 bytes).
    Removing stm32f4xx_hal_flash.o(.bss.pFlash), (32 bytes).
    Removing stm32f4xx_hal_rcc.o(.text), (0 bytes).
    Removing stm32f4xx_hal_rcc.o(.text.HAL_RCC_DeInit), (4 bytes).
    Removing stm32f4xx_hal_rcc.o(.ARM.exidx.text.HAL_RCC_DeInit), (8 bytes).
    Removing stm32f4xx_hal_rcc.o(.ARM.exidx.text.HAL_RCC_OscConfig), (8 bytes).
    Removing stm32f4xx_hal_rcc.o(.ARM.exidx.text.HAL_RCC_ClockConfig), (8 bytes).
    Removing stm32f4xx_hal_rcc.o(.ARM.exidx.text.HAL_RCC_GetSysClockFreq), (8 bytes).
    Removing stm32f4xx_hal_rcc.o(.text.HAL_RCC_MCOConfig), (208 bytes).
    Removing stm32f4xx_hal_rcc.o(.ARM.exidx.text.HAL_RCC_MCOConfig), (8 bytes).
    Removing stm32f4xx_hal_rcc.o(.text.HAL_RCC_EnableCSS), (12 bytes).
    Removing stm32f4xx_hal_rcc.o(.ARM.exidx.text.HAL_RCC_EnableCSS), (8 bytes).
    Removing stm32f4xx_hal_rcc.o(.text.HAL_RCC_DisableCSS), (12 bytes).
    Removing stm32f4xx_hal_rcc.o(.ARM.exidx.text.HAL_RCC_DisableCSS), (8 bytes).
    Removing stm32f4xx_hal_rcc.o(.ARM.exidx.text.HAL_RCC_GetHCLKFreq), (8 bytes).
    Removing stm32f4xx_hal_rcc.o(.ARM.exidx.text.HAL_RCC_GetPCLK1Freq), (8 bytes).
    Removing stm32f4xx_hal_rcc.o(.ARM.exidx.text.HAL_RCC_GetPCLK2Freq), (8 bytes).
    Removing stm32f4xx_hal_rcc.o(.text.HAL_RCC_GetOscConfig), (320 bytes).
    Removing stm32f4xx_hal_rcc.o(.ARM.exidx.text.HAL_RCC_GetOscConfig), (8 bytes).
    Removing stm32f4xx_hal_rcc.o(.text.HAL_RCC_GetClockConfig), (84 bytes).
    Removing stm32f4xx_hal_rcc.o(.ARM.exidx.text.HAL_RCC_GetClockConfig), (8 bytes).
    Removing stm32f4xx_hal_rcc.o(.text.HAL_RCC_NMI_IRQHandler), (40 bytes).
    Removing stm32f4xx_hal_rcc.o(.ARM.exidx.text.HAL_RCC_NMI_IRQHandler), (8 bytes).
    Removing stm32f4xx_hal_rcc.o(.text.HAL_RCC_CSSCallback), (2 bytes).
    Removing stm32f4xx_hal_rcc.o(.ARM.exidx.text.HAL_RCC_CSSCallback), (8 bytes).
    Removing stm32f4xx_hal_flash_ex.o(.text), (0 bytes).
    Removing stm32f4xx_hal_flash_ex.o(.text.HAL_FLASHEx_Erase), (270 bytes).
    Removing stm32f4xx_hal_flash_ex.o(.ARM.exidx.text.HAL_FLASHEx_Erase), (8 bytes).
    Removing stm32f4xx_hal_flash_ex.o(.text.FLASH_MassErase), (52 bytes).
    Removing stm32f4xx_hal_flash_ex.o(.ARM.exidx.text.FLASH_MassErase), (8 bytes).
    Removing stm32f4xx_hal_flash_ex.o(.text.FLASH_Erase_Sector), (132 bytes).
    Removing stm32f4xx_hal_flash_ex.o(.ARM.exidx.text.FLASH_Erase_Sector), (8 bytes).
    Removing stm32f4xx_hal_flash_ex.o(.text.FLASH_FlushCaches), (162 bytes).
    Removing stm32f4xx_hal_flash_ex.o(.ARM.exidx.text.FLASH_FlushCaches), (8 bytes).
    Removing stm32f4xx_hal_flash_ex.o(.text.HAL_FLASHEx_Erase_IT), (190 bytes).
    Removing stm32f4xx_hal_flash_ex.o(.ARM.exidx.text.HAL_FLASHEx_Erase_IT), (8 bytes).
    Removing stm32f4xx_hal_flash_ex.o(.text.HAL_FLASHEx_OBProgram), (232 bytes).
    Removing stm32f4xx_hal_flash_ex.o(.ARM.exidx.text.HAL_FLASHEx_OBProgram), (8 bytes).
    Removing stm32f4xx_hal_flash_ex.o(.text.FLASH_OB_EnableWRP), (60 bytes).
    Removing stm32f4xx_hal_flash_ex.o(.ARM.exidx.text.FLASH_OB_EnableWRP), (8 bytes).
    Removing stm32f4xx_hal_flash_ex.o(.text.FLASH_OB_DisableWRP), (60 bytes).
    Removing stm32f4xx_hal_flash_ex.o(.ARM.exidx.text.FLASH_OB_DisableWRP), (8 bytes).
    Removing stm32f4xx_hal_flash_ex.o(.text.FLASH_OB_RDP_LevelConfig), (58 bytes).
    Removing stm32f4xx_hal_flash_ex.o(.ARM.exidx.text.FLASH_OB_RDP_LevelConfig), (8 bytes).
    Removing stm32f4xx_hal_flash_ex.o(.text.FLASH_OB_UserConfig), (102 bytes).
    Removing stm32f4xx_hal_flash_ex.o(.ARM.exidx.text.FLASH_OB_UserConfig), (8 bytes).
    Removing stm32f4xx_hal_flash_ex.o(.text.FLASH_OB_BOR_LevelConfig), (38 bytes).
    Removing stm32f4xx_hal_flash_ex.o(.ARM.exidx.text.FLASH_OB_BOR_LevelConfig), (8 bytes).
    Removing stm32f4xx_hal_flash_ex.o(.text.HAL_FLASHEx_OBGetConfig), (48 bytes).
    Removing stm32f4xx_hal_flash_ex.o(.ARM.exidx.text.HAL_FLASHEx_OBGetConfig), (8 bytes).
    Removing stm32f4xx_hal_flash_ex.o(.text.FLASH_OB_GetWRP), (12 bytes).
    Removing stm32f4xx_hal_flash_ex.o(.ARM.exidx.text.FLASH_OB_GetWRP), (8 bytes).
    Removing stm32f4xx_hal_flash_ex.o(.text.FLASH_OB_GetRDP), (74 bytes).
    Removing stm32f4xx_hal_flash_ex.o(.ARM.exidx.text.FLASH_OB_GetRDP), (8 bytes).
    Removing stm32f4xx_hal_flash_ex.o(.text.FLASH_OB_GetUser), (16 bytes).
    Removing stm32f4xx_hal_flash_ex.o(.ARM.exidx.text.FLASH_OB_GetUser), (8 bytes).
    Removing stm32f4xx_hal_flash_ex.o(.text.FLASH_OB_GetBOR), (16 bytes).
    Removing stm32f4xx_hal_flash_ex.o(.ARM.exidx.text.FLASH_OB_GetBOR), (8 bytes).
    Removing stm32f4xx_hal_flash_ex.o(.text.HAL_FLASHEx_AdvOBProgram), (70 bytes).
    Removing stm32f4xx_hal_flash_ex.o(.ARM.exidx.text.HAL_FLASHEx_AdvOBProgram), (8 bytes).
    Removing stm32f4xx_hal_flash_ex.o(.text.FLASH_OB_EnablePCROP), (58 bytes).
    Removing stm32f4xx_hal_flash_ex.o(.ARM.exidx.text.FLASH_OB_EnablePCROP), (8 bytes).
    Removing stm32f4xx_hal_flash_ex.o(.text.FLASH_OB_DisablePCROP), (58 bytes).
    Removing stm32f4xx_hal_flash_ex.o(.ARM.exidx.text.FLASH_OB_DisablePCROP), (8 bytes).
    Removing stm32f4xx_hal_flash_ex.o(.text.HAL_FLASHEx_AdvOBGetConfig), (22 bytes).
    Removing stm32f4xx_hal_flash_ex.o(.ARM.exidx.text.HAL_FLASHEx_AdvOBGetConfig), (8 bytes).
    Removing stm32f4xx_hal_flash_ex.o(.text.HAL_FLASHEx_OB_SelectPCROP), (42 bytes).
    Removing stm32f4xx_hal_flash_ex.o(.ARM.exidx.text.HAL_FLASHEx_OB_SelectPCROP), (8 bytes).
    Removing stm32f4xx_hal_flash_ex.o(.text.HAL_FLASHEx_OB_DeSelectPCROP), (38 bytes).
    Removing stm32f4xx_hal_flash_ex.o(.ARM.exidx.text.HAL_FLASHEx_OB_DeSelectPCROP), (8 bytes).
    Removing stm32f4xx_hal_adc.o(.text), (0 bytes).
    Removing stm32f4xx_hal_adc.o(.text.HAL_ADC_Init), (168 bytes).
    Removing stm32f4xx_hal_adc.o(.ARM.exidx.text.HAL_ADC_Init), (8 bytes).
    Removing stm32f4xx_hal_adc.o(.text.HAL_ADC_MspInit), (8 bytes).
    Removing stm32f4xx_hal_adc.o(.ARM.exidx.text.HAL_ADC_MspInit), (8 bytes).
    Removing stm32f4xx_hal_adc.o(.text.ADC_Init), (394 bytes).
    Removing stm32f4xx_hal_adc.o(.ARM.exidx.text.ADC_Init), (8 bytes).
    Removing stm32f4xx_hal_adc.o(.text.HAL_ADC_DeInit), (108 bytes).
    Removing stm32f4xx_hal_adc.o(.ARM.exidx.text.HAL_ADC_DeInit), (8 bytes).
    Removing stm32f4xx_hal_adc.o(.text.HAL_ADC_MspDeInit), (8 bytes).
    Removing stm32f4xx_hal_adc.o(.ARM.exidx.text.HAL_ADC_MspDeInit), (8 bytes).
    Removing stm32f4xx_hal_adc.o(.text.HAL_ADC_Start), (370 bytes).
    Removing stm32f4xx_hal_adc.o(.ARM.exidx.text.HAL_ADC_Start), (8 bytes).
    Removing stm32f4xx_hal_adc.o(.text.HAL_ADC_Stop), (108 bytes).
    Removing stm32f4xx_hal_adc.o(.ARM.exidx.text.HAL_ADC_Stop), (8 bytes).
    Removing stm32f4xx_hal_adc.o(.text.HAL_ADC_PollForConversion), (298 bytes).
    Removing stm32f4xx_hal_adc.o(.ARM.exidx.text.HAL_ADC_PollForConversion), (8 bytes).
    Removing stm32f4xx_hal_adc.o(.text.HAL_ADC_PollForEvent), (198 bytes).
    Removing stm32f4xx_hal_adc.o(.ARM.exidx.text.HAL_ADC_PollForEvent), (8 bytes).
    Removing stm32f4xx_hal_adc.o(.text.HAL_ADC_Start_IT), (386 bytes).
    Removing stm32f4xx_hal_adc.o(.ARM.exidx.text.HAL_ADC_Start_IT), (8 bytes).
    Removing stm32f4xx_hal_adc.o(.text.HAL_ADC_Stop_IT), (126 bytes).
    Removing stm32f4xx_hal_adc.o(.ARM.exidx.text.HAL_ADC_Stop_IT), (8 bytes).
    Removing stm32f4xx_hal_adc.o(.text.HAL_ADC_IRQHandler), (540 bytes).
    Removing stm32f4xx_hal_adc.o(.ARM.exidx.text.HAL_ADC_IRQHandler), (8 bytes).
    Removing stm32f4xx_hal_adc.o(.text.HAL_ADC_ConvCpltCallback), (8 bytes).
    Removing stm32f4xx_hal_adc.o(.ARM.exidx.text.HAL_ADC_ConvCpltCallback), (8 bytes).
    Removing stm32f4xx_hal_adc.o(.text.HAL_ADC_LevelOutOfWindowCallback), (8 bytes).
    Removing stm32f4xx_hal_adc.o(.ARM.exidx.text.HAL_ADC_LevelOutOfWindowCallback), (8 bytes).
    Removing stm32f4xx_hal_adc.o(.text.HAL_ADC_ErrorCallback), (8 bytes).
    Removing stm32f4xx_hal_adc.o(.ARM.exidx.text.HAL_ADC_ErrorCallback), (8 bytes).
    Removing stm32f4xx_hal_adc.o(.text.HAL_ADC_Start_DMA), (488 bytes).
    Removing stm32f4xx_hal_adc.o(.ARM.exidx.text.HAL_ADC_Start_DMA), (8 bytes).
    Removing stm32f4xx_hal_adc.o(.text.ADC_DMAConvCplt), (178 bytes).
    Removing stm32f4xx_hal_adc.o(.ARM.exidx.text.ADC_DMAConvCplt), (8 bytes).
    Removing stm32f4xx_hal_adc.o(.text.ADC_DMAHalfConvCplt), (22 bytes).
    Removing stm32f4xx_hal_adc.o(.ARM.exidx.text.ADC_DMAHalfConvCplt), (8 bytes).
    Removing stm32f4xx_hal_adc.o(.text.ADC_DMAError), (38 bytes).
    Removing stm32f4xx_hal_adc.o(.ARM.exidx.text.ADC_DMAError), (8 bytes).
    Removing stm32f4xx_hal_adc.o(.text.HAL_ADC_Stop_DMA), (190 bytes).
    Removing stm32f4xx_hal_adc.o(.ARM.exidx.text.HAL_ADC_Stop_DMA), (8 bytes).
    Removing stm32f4xx_hal_adc.o(.text.HAL_ADC_GetValue), (14 bytes).
    Removing stm32f4xx_hal_adc.o(.ARM.exidx.text.HAL_ADC_GetValue), (8 bytes).
    Removing stm32f4xx_hal_adc.o(.text.HAL_ADC_ConvHalfCpltCallback), (8 bytes).
    Removing stm32f4xx_hal_adc.o(.ARM.exidx.text.HAL_ADC_ConvHalfCpltCallback), (8 bytes).
    Removing stm32f4xx_hal_adc.o(.text.HAL_ADC_ConfigChannel), (536 bytes).
    Removing stm32f4xx_hal_adc.o(.ARM.exidx.text.HAL_ADC_ConfigChannel), (8 bytes).
    Removing stm32f4xx_hal_adc.o(.text.HAL_ADC_AnalogWDGConfig), (184 bytes).
    Removing stm32f4xx_hal_adc.o(.ARM.exidx.text.HAL_ADC_AnalogWDGConfig), (8 bytes).
    Removing stm32f4xx_hal_adc.o(.text.HAL_ADC_GetState), (12 bytes).
    Removing stm32f4xx_hal_adc.o(.ARM.exidx.text.HAL_ADC_GetState), (8 bytes).
    Removing stm32f4xx_hal_adc.o(.text.HAL_ADC_GetError), (12 bytes).
    Removing stm32f4xx_hal_adc.o(.ARM.exidx.text.HAL_ADC_GetError), (8 bytes).
    Removing stm32f4xx_hal_cortex.o(.text), (0 bytes).
    Removing stm32f4xx_hal_cortex.o(.ARM.exidx.text.HAL_NVIC_SetPriorityGrouping), (8 bytes).
    Removing stm32f4xx_hal_cortex.o(.ARM.exidx.text.__NVIC_SetPriorityGrouping), (8 bytes).
    Removing stm32f4xx_hal_cortex.o(.ARM.exidx.text.HAL_NVIC_SetPriority), (8 bytes).
    Removing stm32f4xx_hal_cortex.o(.ARM.exidx.text.__NVIC_GetPriorityGrouping), (8 bytes).
    Removing stm32f4xx_hal_cortex.o(.ARM.exidx.text.__NVIC_SetPriority), (8 bytes).
    Removing stm32f4xx_hal_cortex.o(.ARM.exidx.text.NVIC_EncodePriority), (8 bytes).
    Removing stm32f4xx_hal_cortex.o(.text.HAL_NVIC_EnableIRQ), (20 bytes).
    Removing stm32f4xx_hal_cortex.o(.ARM.exidx.text.HAL_NVIC_EnableIRQ), (8 bytes).
    Removing stm32f4xx_hal_cortex.o(.text.__NVIC_EnableIRQ), (48 bytes).
    Removing stm32f4xx_hal_cortex.o(.ARM.exidx.text.__NVIC_EnableIRQ), (8 bytes).
    Removing stm32f4xx_hal_cortex.o(.text.HAL_NVIC_DisableIRQ), (20 bytes).
    Removing stm32f4xx_hal_cortex.o(.ARM.exidx.text.HAL_NVIC_DisableIRQ), (8 bytes).
    Removing stm32f4xx_hal_cortex.o(.text.__NVIC_DisableIRQ), (56 bytes).
    Removing stm32f4xx_hal_cortex.o(.ARM.exidx.text.__NVIC_DisableIRQ), (8 bytes).
    Removing stm32f4xx_hal_cortex.o(.text.HAL_NVIC_SystemReset), (4 bytes).
    Removing stm32f4xx_hal_cortex.o(.ARM.exidx.text.HAL_NVIC_SystemReset), (8 bytes).
    Removing stm32f4xx_hal_cortex.o(.text.__NVIC_SystemReset), (38 bytes).
    Removing stm32f4xx_hal_cortex.o(.ARM.exidx.text.__NVIC_SystemReset), (8 bytes).
    Removing stm32f4xx_hal_cortex.o(.ARM.exidx.text.HAL_SYSTICK_Config), (8 bytes).
    Removing stm32f4xx_hal_cortex.o(.ARM.exidx.text.SysTick_Config), (8 bytes).
    Removing stm32f4xx_hal_cortex.o(.text.HAL_MPU_Disable), (34 bytes).
    Removing stm32f4xx_hal_cortex.o(.ARM.exidx.text.HAL_MPU_Disable), (8 bytes).
    Removing stm32f4xx_hal_cortex.o(.text.HAL_MPU_Enable), (48 bytes).
    Removing stm32f4xx_hal_cortex.o(.ARM.exidx.text.HAL_MPU_Enable), (8 bytes).
    Removing stm32f4xx_hal_cortex.o(.text.HAL_MPU_ConfigRegion), (158 bytes).
    Removing stm32f4xx_hal_cortex.o(.ARM.exidx.text.HAL_MPU_ConfigRegion), (8 bytes).
    Removing stm32f4xx_hal_cortex.o(.text.HAL_CORTEX_ClearEvent), (6 bytes).
    Removing stm32f4xx_hal_cortex.o(.ARM.exidx.text.HAL_CORTEX_ClearEvent), (8 bytes).
    Removing stm32f4xx_hal_cortex.o(.text.HAL_NVIC_GetPriorityGrouping), (8 bytes).
    Removing stm32f4xx_hal_cortex.o(.ARM.exidx.text.HAL_NVIC_GetPriorityGrouping), (8 bytes).
    Removing stm32f4xx_hal_cortex.o(.text.HAL_NVIC_GetPriority), (36 bytes).
    Removing stm32f4xx_hal_cortex.o(.ARM.exidx.text.HAL_NVIC_GetPriority), (8 bytes).
    Removing stm32f4xx_hal_cortex.o(.text.NVIC_DecodePriority), (118 bytes).
    Removing stm32f4xx_hal_cortex.o(.ARM.exidx.text.NVIC_DecodePriority), (8 bytes).
    Removing stm32f4xx_hal_cortex.o(.text.__NVIC_GetPriority), (66 bytes).
    Removing stm32f4xx_hal_cortex.o(.ARM.exidx.text.__NVIC_GetPriority), (8 bytes).
    Removing stm32f4xx_hal_cortex.o(.text.HAL_NVIC_SetPendingIRQ), (20 bytes).
    Removing stm32f4xx_hal_cortex.o(.ARM.exidx.text.HAL_NVIC_SetPendingIRQ), (8 bytes).
    Removing stm32f4xx_hal_cortex.o(.text.__NVIC_SetPendingIRQ), (48 bytes).
    Removing stm32f4xx_hal_cortex.o(.ARM.exidx.text.__NVIC_SetPendingIRQ), (8 bytes).
    Removing stm32f4xx_hal_cortex.o(.text.HAL_NVIC_GetPendingIRQ), (20 bytes).
    Removing stm32f4xx_hal_cortex.o(.ARM.exidx.text.HAL_NVIC_GetPendingIRQ), (8 bytes).
    Removing stm32f4xx_hal_cortex.o(.text.__NVIC_GetPendingIRQ), (64 bytes).
    Removing stm32f4xx_hal_cortex.o(.ARM.exidx.text.__NVIC_GetPendingIRQ), (8 bytes).
    Removing stm32f4xx_hal_cortex.o(.text.HAL_NVIC_ClearPendingIRQ), (20 bytes).
    Removing stm32f4xx_hal_cortex.o(.ARM.exidx.text.HAL_NVIC_ClearPendingIRQ), (8 bytes).
    Removing stm32f4xx_hal_cortex.o(.text.__NVIC_ClearPendingIRQ), (48 bytes).
    Removing stm32f4xx_hal_cortex.o(.ARM.exidx.text.__NVIC_ClearPendingIRQ), (8 bytes).
    Removing stm32f4xx_hal_cortex.o(.text.HAL_NVIC_GetActive), (20 bytes).
    Removing stm32f4xx_hal_cortex.o(.ARM.exidx.text.HAL_NVIC_GetActive), (8 bytes).
    Removing stm32f4xx_hal_cortex.o(.text.__NVIC_GetActive), (64 bytes).
    Removing stm32f4xx_hal_cortex.o(.ARM.exidx.text.__NVIC_GetActive), (8 bytes).
    Removing stm32f4xx_hal_cortex.o(.text.HAL_SYSTICK_CLKSourceConfig), (52 bytes).
    Removing stm32f4xx_hal_cortex.o(.ARM.exidx.text.HAL_SYSTICK_CLKSourceConfig), (8 bytes).
    Removing stm32f4xx_hal_cortex.o(.text.HAL_SYSTICK_IRQHandler), (8 bytes).
    Removing stm32f4xx_hal_cortex.o(.ARM.exidx.text.HAL_SYSTICK_IRQHandler), (8 bytes).
    Removing stm32f4xx_hal_cortex.o(.text.HAL_SYSTICK_Callback), (2 bytes).
    Removing stm32f4xx_hal_cortex.o(.ARM.exidx.text.HAL_SYSTICK_Callback), (8 bytes).
    Removing stm32f4xx_hal_rcc_ex.o(.text), (0 bytes).
    Removing stm32f4xx_hal_rcc_ex.o(.text.HAL_RCCEx_PeriphCLKConfig), (592 bytes).
    Removing stm32f4xx_hal_rcc_ex.o(.ARM.exidx.text.HAL_RCCEx_PeriphCLKConfig), (8 bytes).
    Removing stm32f4xx_hal_rcc_ex.o(.text.HAL_RCCEx_GetPeriphCLKConfig), (114 bytes).
    Removing stm32f4xx_hal_rcc_ex.o(.ARM.exidx.text.HAL_RCCEx_GetPeriphCLKConfig), (8 bytes).
    Removing stm32f4xx_hal_rcc_ex.o(.text.HAL_RCCEx_GetPeriphCLKFreq), (198 bytes).
    Removing stm32f4xx_hal_rcc_ex.o(.ARM.exidx.text.HAL_RCCEx_GetPeriphCLKFreq), (8 bytes).
    Removing stm32f4xx_hal_rcc_ex.o(.text.HAL_RCCEx_EnablePLLI2S), (176 bytes).
    Removing stm32f4xx_hal_rcc_ex.o(.ARM.exidx.text.HAL_RCCEx_EnablePLLI2S), (8 bytes).
    Removing stm32f4xx_hal_rcc_ex.o(.text.HAL_RCCEx_DisablePLLI2S), (80 bytes).
    Removing stm32f4xx_hal_rcc_ex.o(.ARM.exidx.text.HAL_RCCEx_DisablePLLI2S), (8 bytes).
    Removing stm32f4xx_hal_rcc_ex.o(.text.HAL_RCC_DeInit), (512 bytes).
    Removing stm32f4xx_hal_rcc_ex.o(.ARM.exidx.text.HAL_RCC_DeInit), (8 bytes).
    Removing stm32f4xx_hal_gpio.o(.text), (0 bytes).
    Removing stm32f4xx_hal_gpio.o(.ARM.exidx.text.HAL_GPIO_Init), (8 bytes).
    Removing stm32f4xx_hal_gpio.o(.text.HAL_GPIO_DeInit), (464 bytes).
    Removing stm32f4xx_hal_gpio.o(.ARM.exidx.text.HAL_GPIO_DeInit), (8 bytes).
    Removing stm32f4xx_hal_gpio.o(.text.HAL_GPIO_ReadPin), (46 bytes).
    Removing stm32f4xx_hal_gpio.o(.ARM.exidx.text.HAL_GPIO_ReadPin), (8 bytes).
    Removing stm32f4xx_hal_gpio.o(.ARM.exidx.text.HAL_GPIO_WritePin), (8 bytes).
    Removing stm32f4xx_hal_gpio.o(.text.HAL_GPIO_TogglePin), (38 bytes).
    Removing stm32f4xx_hal_gpio.o(.ARM.exidx.text.HAL_GPIO_TogglePin), (8 bytes).
    Removing stm32f4xx_hal_gpio.o(.text.HAL_GPIO_LockPin), (86 bytes).
    Removing stm32f4xx_hal_gpio.o(.ARM.exidx.text.HAL_GPIO_LockPin), (8 bytes).
    Removing stm32f4xx_hal_gpio.o(.text.HAL_GPIO_EXTI_IRQHandler), (56 bytes).
    Removing stm32f4xx_hal_gpio.o(.ARM.exidx.text.HAL_GPIO_EXTI_IRQHandler), (8 bytes).
    Removing stm32f4xx_hal_gpio.o(.text.HAL_GPIO_EXTI_Callback), (10 bytes).
    Removing stm32f4xx_hal_gpio.o(.ARM.exidx.text.HAL_GPIO_EXTI_Callback), (8 bytes).
    Removing startup_stm32f401xe.o(HEAP), (512 bytes).
    Removing stm32f4xx_it.o(.text), (0 bytes).
    Removing stm32f4xx_it.o(.ARM.exidx.text.NMI_Handler), (8 bytes).
    Removing stm32f4xx_it.o(.ARM.exidx.text.HardFault_Handler), (8 bytes).
    Removing stm32f4xx_it.o(.ARM.exidx.text.MemManage_Handler), (8 bytes).
    Removing stm32f4xx_it.o(.ARM.exidx.text.BusFault_Handler), (8 bytes).
    Removing stm32f4xx_it.o(.ARM.exidx.text.UsageFault_Handler), (8 bytes).
    Removing stm32f4xx_it.o(.ARM.exidx.text.SVC_Handler), (8 bytes).
    Removing stm32f4xx_it.o(.ARM.exidx.text.DebugMon_Handler), (8 bytes).
    Removing stm32f4xx_it.o(.ARM.exidx.text.PendSV_Handler), (8 bytes).
    Removing stm32f4xx_it.o(.ARM.exidx.text.SysTick_Handler), (8 bytes).
    Removing stm32f4xx_hal_msp.o(.text), (0 bytes).
    Removing stm32f4xx_hal_msp.o(.ARM.exidx.text.HAL_UART_MspInit), (8 bytes).
    Removing stm32f4xx_hal_msp.o(.text.HAL_UART_MspDeInit), (56 bytes).
    Removing stm32f4xx_hal_msp.o(.ARM.exidx.text.HAL_UART_MspDeInit), (8 bytes).
    Removing main.o(.text), (0 bytes).
    Removing main.o(.ARM.exidx.text.vprint), (8 bytes).
    Removing main.o(.ARM.exidx.text.my_printf), (8 bytes).
    Removing main.o(.ARM.exidx.text.main), (8 bytes).
    Removing main.o(.ARM.exidx.text.SystemClock_Config), (8 bytes).
    Removing main.o(.ARM.exidx.text.Error_Handler), (8 bytes).
    Removing main.o(.text.__io_putchar), (32 bytes).
    Removing main.o(.ARM.exidx.text.__io_putchar), (8 bytes).
    Removing main.o(.ARM.use_no_argv), (4 bytes).
    Removing system_stm32f4xx.o(.text), (0 bytes).
    Removing system_stm32f4xx.o(.ARM.exidx.text.SystemInit), (8 bytes).
    Removing system_stm32f4xx.o(.text.SystemCoreClockUpdate), (302 bytes).
    Removing system_stm32f4xx.o(.ARM.exidx.text.SystemCoreClockUpdate), (8 bytes).

697 unused section(s) (total 53763 bytes) removed from the image.

==============================================================================

Image Symbol Table

    Local Symbols

    Symbol Name                              Value     Ov Type        Size  Object(Section)

    ../clib/division.s                       0x00000000   Number         0  aeabi_sdiv.o ABSOLUTE
    ../clib/microlib/division.c              0x00000000   Number         0  uldiv.o ABSOLUTE
    ../clib/microlib/division.c              0x00000000   Number         0  uidiv.o ABSOLUTE
    ../clib/microlib/init/entry.s            0x00000000   Number         0  entry.o ABSOLUTE
    ../clib/microlib/init/entry.s            0x00000000   Number         0  entry2.o ABSOLUTE
    ../clib/microlib/init/entry.s            0x00000000   Number         0  entry5.o ABSOLUTE
    ../clib/microlib/init/entry.s            0x00000000   Number         0  entry7a.o ABSOLUTE
    ../clib/microlib/init/entry.s            0x00000000   Number         0  entry7b.o ABSOLUTE
    ../clib/microlib/init/entry.s            0x00000000   Number         0  entry8a.o ABSOLUTE
    ../clib/microlib/init/entry.s            0x00000000   Number         0  entry8b.o ABSOLUTE
    ../clib/microlib/init/entry.s            0x00000000   Number         0  entry9a.o ABSOLUTE
    ../clib/microlib/init/entry.s            0x00000000   Number         0  entry9b.o ABSOLUTE
    ../clib/microlib/init/entry.s            0x00000000   Number         0  entry10a.o ABSOLUTE
    ../clib/microlib/init/entry.s            0x00000000   Number         0  entry10b.o ABSOLUTE
    ../clib/microlib/init/entry.s            0x00000000   Number         0  entry11a.o ABSOLUTE
    ../clib/microlib/init/entry.s            0x00000000   Number         0  entry11b.o ABSOLUTE
    ../clib/microlib/longlong.c              0x00000000   Number         0  llshl.o ABSOLUTE
    ../clib/microlib/longlong.c              0x00000000   Number         0  llushr.o ABSOLUTE
    ../clib/microlib/longlong.c              0x00000000   Number         0  llsshr.o ABSOLUTE
    ../clib/microlib/printf/printf.c         0x00000000   Number         0  printfa.o ABSOLUTE
    ../clib/microlib/stdio/fflush.c          0x00000000   Number         0  fflush.o ABSOLUTE
    ../clib/microlib/stdio/fputc.c           0x00000000   Number         0  fputc.o ABSOLUTE
    ../clib/microlib/stdio/fputc.c           0x00000000   Number         0  fputc_h.o ABSOLUTE
    ../clib/microlib/stdio/semi.s            0x00000000   Number         0  semi.o ABSOLUTE
    ../clib/microlib/stdio/streams.c         0x00000000   Number         0  stdout.o ABSOLUTE
    ../clib/microlib/string/strlen.c         0x00000000   Number         0  strlen.o ABSOLUTE
    ../clib/microlib/stubs.s                 0x00000000   Number         0  iusefp.o ABSOLUTE
    ../clib/microlib/stubs.s                 0x00000000   Number         0  iusesemip.o ABSOLUTE
    ../fplib/microlib/fpadd.c                0x00000000   Number         0  dadd.o ABSOLUTE
    ../fplib/microlib/fpdiv.c                0x00000000   Number         0  ddiv.o ABSOLUTE
    ../fplib/microlib/fpepilogue.c           0x00000000   Number         0  depilogue.o ABSOLUTE
    ../fplib/microlib/fpfix.c                0x00000000   Number         0  dfixul.o ABSOLUTE
    ../fplib/microlib/fpmul.c                0x00000000   Number         0  dmul.o ABSOLUTE
    cdrcmple.s                               0x00000000   Number         0  cdrcmple.o ABSOLUTE
    dc.s                                     0x00000000   Number         0  dc.o ABSOLUTE
    handlers.s                               0x00000000   Number         0  handlers.o ABSOLUTE
    init.s                                   0x00000000   Number         0  init.o ABSOLUTE
    main.c                                   0x00000000   Number         0  main.o ABSOLUTE
    startup_stm32f401xe.s                    0x00000000   Number         0  startup_stm32f401xe.o ABSOLUTE
    stm32f4xx_hal.c                          0x00000000   Number         0  stm32f4xx_hal.o ABSOLUTE
    stm32f4xx_hal_adc.c                      0x00000000   Number         0  stm32f4xx_hal_adc.o ABSOLUTE
    stm32f4xx_hal_adc_ex.c                   0x00000000   Number         0  stm32f4xx_hal_adc_ex.o ABSOLUTE
    stm32f4xx_hal_cortex.c                   0x00000000   Number         0  stm32f4xx_hal_cortex.o ABSOLUTE
    stm32f4xx_hal_dma.c                      0x00000000   Number         0  stm32f4xx_hal_dma.o ABSOLUTE
    stm32f4xx_hal_dma_ex.c                   0x00000000   Number         0  stm32f4xx_hal_dma_ex.o ABSOLUTE
    stm32f4xx_hal_flash.c                    0x00000000   Number         0  stm32f4xx_hal_flash.o ABSOLUTE
    stm32f4xx_hal_flash_ex.c                 0x00000000   Number         0  stm32f4xx_hal_flash_ex.o ABSOLUTE
    stm32f4xx_hal_gpio.c                     0x00000000   Number         0  stm32f4xx_hal_gpio.o ABSOLUTE
    stm32f4xx_hal_msp.c                      0x00000000   Number         0  stm32f4xx_hal_msp.o ABSOLUTE
    stm32f4xx_hal_rcc.c                      0x00000000   Number         0  stm32f4xx_hal_rcc.o ABSOLUTE
    stm32f4xx_hal_rcc_ex.c                   0x00000000   Number         0  stm32f4xx_hal_rcc_ex.o ABSOLUTE
    stm32f4xx_hal_spi.c                      0x00000000   Number         0  stm32f4xx_hal_spi.o ABSOLUTE
    stm32f4xx_hal_uart.c                     0x00000000   Number         0  stm32f4xx_hal_uart.o ABSOLUTE
    stm32f4xx_it.c                           0x00000000   Number         0  stm32f4xx_it.o ABSOLUTE
    stm32f4xx_nucleo.c                       0x00000000   Number         0  stm32f4xx_nucleo.o ABSOLUTE
    system_stm32f4xx.c                       0x00000000   Number         0  system_stm32f4xx.o ABSOLUTE
    RESET                                    0x08000000   Section      404  startup_stm32f401xe.o(RESET)
    .ARM.Collect$$$$00000000                 0x08000194   Section        0  entry.o(.ARM.Collect$$$$00000000)
    .ARM.Collect$$$$00000001                 0x08000194   Section        4  entry2.o(.ARM.Collect$$$$00000001)
    .ARM.Collect$$$$00000004                 0x08000198   Section        4  entry5.o(.ARM.Collect$$$$00000004)
    .ARM.Collect$$$$00000008                 0x0800019c   Section        0  entry7b.o(.ARM.Collect$$$$00000008)
    .ARM.Collect$$$$0000000A                 0x0800019c   Section        0  entry8b.o(.ARM.Collect$$$$0000000A)
    .ARM.Collect$$$$0000000B                 0x0800019c   Section        8  entry9a.o(.ARM.Collect$$$$0000000B)
    __lit__00000000                          0x080001a4   Data           4  entry2.o(.ARM.Collect$$$$00002712)
    .ARM.Collect$$$$0000000D                 0x080001a4   Section        0  entry10a.o(.ARM.Collect$$$$0000000D)
    .ARM.Collect$$$$0000000F                 0x080001a4   Section        0  entry11a.o(.ARM.Collect$$$$0000000F)
    .ARM.Collect$$$$00002712                 0x080001a4   Section        4  entry2.o(.ARM.Collect$$$$00002712)
    $v0                                      0x080001a8   Number         0  startup_stm32f401xe.o(.text)
    .text                                    0x080001a8   Section       36  startup_stm32f401xe.o(.text)
    .text                                    0x080001cc   Section        0  uldiv.o(.text)
    .text                                    0x0800022e   Section        0  strlen.o(.text)
    .text                                    0x0800023c   Section        0  uidiv.o(.text)
    .text                                    0x08000268   Section        0  llshl.o(.text)
    .text                                    0x08000286   Section        0  llushr.o(.text)
    .text                                    0x080002a6   Section        0  iusefp.o(.text)
    .text                                    0x080002a6   Section        0  dadd.o(.text)
    .text                                    0x080003f4   Section        0  dmul.o(.text)
    .text                                    0x080004d8   Section        0  ddiv.o(.text)
    .text                                    0x080005b6   Section        0  dfixul.o(.text)
    .text                                    0x080005e8   Section       48  cdrcmple.o(.text)
    .text                                    0x08000618   Section       48  init.o(.text)
    .text                                    0x08000648   Section        0  llsshr.o(.text)
    .text                                    0x0800066c   Section        0  depilogue.o(.text)
    [Anonymous Symbol]                       0x08000728   Section        0  stm32f4xx_nucleo.o(.text.BSP_LED_Init)
    [Anonymous Symbol]                       0x080007a8   Section        0  stm32f4xx_nucleo.o(.text.BSP_LED_Off)
    [Anonymous Symbol]                       0x080007d8   Section        0  stm32f4xx_nucleo.o(.text.BSP_LED_On)
    [Anonymous Symbol]                       0x08000808   Section        0  stm32f4xx_it.o(.text.BusFault_Handler)
    [Anonymous Symbol]                       0x0800080c   Section        0  stm32f4xx_it.o(.text.DebugMon_Handler)
    Error_Handler                            0x08000811   Thumb Code    12  main.o(.text.Error_Handler)
    [Anonymous Symbol]                       0x08000810   Section        0  main.o(.text.Error_Handler)
    [Anonymous Symbol]                       0x0800081c   Section        0  stm32f4xx_hal.o(.text.HAL_Delay)
    [Anonymous Symbol]                       0x08000860   Section        0  stm32f4xx_hal_gpio.o(.text.HAL_GPIO_Init)
    [Anonymous Symbol]                       0x08000bc4   Section        0  stm32f4xx_hal_gpio.o(.text.HAL_GPIO_WritePin)
    [Anonymous Symbol]                       0x08000bf4   Section        0  stm32f4xx_hal.o(.text.HAL_GetTick)
    [Anonymous Symbol]                       0x08000c00   Section        0  stm32f4xx_hal.o(.text.HAL_IncTick)
    [Anonymous Symbol]                       0x08000c1c   Section        0  stm32f4xx_hal.o(.text.HAL_Init)
    [Anonymous Symbol]                       0x08000c54   Section        0  stm32f4xx_hal.o(.text.HAL_InitTick)
    [Anonymous Symbol]                       0x08000cc4   Section        0  stm32f4xx_hal.o(.text.HAL_MspInit)
    [Anonymous Symbol]                       0x08000cc8   Section        0  stm32f4xx_hal_cortex.o(.text.HAL_NVIC_SetPriority)
    [Anonymous Symbol]                       0x08000cfc   Section        0  stm32f4xx_hal_cortex.o(.text.HAL_NVIC_SetPriorityGrouping)
    [Anonymous Symbol]                       0x08000d0c   Section        0  stm32f4xx_hal_rcc.o(.text.HAL_RCC_ClockConfig)
    [Anonymous Symbol]                       0x08000f70   Section        0  stm32f4xx_hal_rcc.o(.text.HAL_RCC_GetHCLKFreq)
    [Anonymous Symbol]                       0x08000f7c   Section        0  stm32f4xx_hal_rcc.o(.text.HAL_RCC_GetPCLK1Freq)
    [Anonymous Symbol]                       0x08000fa0   Section        0  stm32f4xx_hal_rcc.o(.text.HAL_RCC_GetPCLK2Freq)
    [Anonymous Symbol]                       0x08000fc4   Section        0  stm32f4xx_hal_rcc.o(.text.HAL_RCC_GetSysClockFreq)
    [Anonymous Symbol]                       0x080010ac   Section        0  stm32f4xx_hal_rcc.o(.text.HAL_RCC_OscConfig)
    [Anonymous Symbol]                       0x0800176c   Section        0  stm32f4xx_hal_cortex.o(.text.HAL_SYSTICK_Config)
    [Anonymous Symbol]                       0x0800177c   Section        0  stm32f4xx_hal_uart.o(.text.HAL_UART_Init)
    [Anonymous Symbol]                       0x0800181c   Section        0  stm32f4xx_hal_msp.o(.text.HAL_UART_MspInit)
    [Anonymous Symbol]                       0x080018c0   Section        0  stm32f4xx_hal_uart.o(.text.HAL_UART_Transmit)
    [Anonymous Symbol]                       0x080019f0   Section        0  stm32f4xx_it.o(.text.HardFault_Handler)
    [Anonymous Symbol]                       0x080019f4   Section        0  stm32f4xx_it.o(.text.MemManage_Handler)
    [Anonymous Symbol]                       0x080019f8   Section        0  stm32f4xx_it.o(.text.NMI_Handler)
    NVIC_EncodePriority                      0x080019fd   Thumb Code   108  stm32f4xx_hal_cortex.o(.text.NVIC_EncodePriority)
    [Anonymous Symbol]                       0x080019fc   Section        0  stm32f4xx_hal_cortex.o(.text.NVIC_EncodePriority)
    [Anonymous Symbol]                       0x08001a68   Section        0  stm32f4xx_it.o(.text.PendSV_Handler)
    [Anonymous Symbol]                       0x08001a6c   Section        0  stm32f4xx_it.o(.text.SVC_Handler)
    SysTick_Config                           0x08001a71   Thumb Code    82  stm32f4xx_hal_cortex.o(.text.SysTick_Config)
    [Anonymous Symbol]                       0x08001a70   Section        0  stm32f4xx_hal_cortex.o(.text.SysTick_Config)
    [Anonymous Symbol]                       0x08001ac4   Section        0  stm32f4xx_it.o(.text.SysTick_Handler)
    SystemClock_Config                       0x08001acd   Thumb Code   176  main.o(.text.SystemClock_Config)
    [Anonymous Symbol]                       0x08001acc   Section        0  main.o(.text.SystemClock_Config)
    [Anonymous Symbol]                       0x08001b7c   Section        0  system_stm32f4xx.o(.text.SystemInit)
    UART_EndRxTransfer                       0x08001bed   Thumb Code   148  stm32f4xx_hal_uart.o(.text.UART_EndRxTransfer)
    [Anonymous Symbol]                       0x08001bec   Section        0  stm32f4xx_hal_uart.o(.text.UART_EndRxTransfer)
    UART_SetConfig                           0x08001c81   Thumb Code   314  stm32f4xx_hal_uart.o(.text.UART_SetConfig)
    [Anonymous Symbol]                       0x08001c80   Section        0  stm32f4xx_hal_uart.o(.text.UART_SetConfig)
    UART_WaitOnFlagUntilTimeout              0x08001dbd   Thumb Code   218  stm32f4xx_hal_uart.o(.text.UART_WaitOnFlagUntilTimeout)
    [Anonymous Symbol]                       0x08001dbc   Section        0  stm32f4xx_hal_uart.o(.text.UART_WaitOnFlagUntilTimeout)
    [Anonymous Symbol]                       0x08001e98   Section        0  stm32f4xx_it.o(.text.UsageFault_Handler)
    __NVIC_GetPriorityGrouping               0x08001e9d   Thumb Code    16  stm32f4xx_hal_cortex.o(.text.__NVIC_GetPriorityGrouping)
    [Anonymous Symbol]                       0x08001e9c   Section        0  stm32f4xx_hal_cortex.o(.text.__NVIC_GetPriorityGrouping)
    __NVIC_SetPriority                       0x08001ead   Thumb Code    66  stm32f4xx_hal_cortex.o(.text.__NVIC_SetPriority)
    [Anonymous Symbol]                       0x08001eac   Section        0  stm32f4xx_hal_cortex.o(.text.__NVIC_SetPriority)
    __NVIC_SetPriorityGrouping               0x08001ef1   Thumb Code    60  stm32f4xx_hal_cortex.o(.text.__NVIC_SetPriorityGrouping)
    [Anonymous Symbol]                       0x08001ef0   Section        0  stm32f4xx_hal_cortex.o(.text.__NVIC_SetPriorityGrouping)
    [Anonymous Symbol]                       0x08001f2c   Section        0  main.o(.text.main)
    [Anonymous Symbol]                       0x08001fc8   Section        0  main.o(.text.my_printf)
    [Anonymous Symbol]                       0x08001fec   Section        0  main.o(.text.vprint)
    i.__0vsprintf                            0x08002028   Section        0  printfa.o(i.__0vsprintf)
    i.__scatterload_copy                     0x0800204c   Section       14  handlers.o(i.__scatterload_copy)
    i.__scatterload_null                     0x0800205a   Section        2  handlers.o(i.__scatterload_null)
    i.__scatterload_zeroinit                 0x0800205c   Section       14  handlers.o(i.__scatterload_zeroinit)
    _fp_digits                               0x0800206d   Thumb Code   366  printfa.o(i._fp_digits)
    i._fp_digits                             0x0800206c   Section        0  printfa.o(i._fp_digits)
    _printf_core                             0x080021f1   Thumb Code  1744  printfa.o(i._printf_core)
    i._printf_core                           0x080021f0   Section        0  printfa.o(i._printf_core)
    _printf_post_padding                     0x080028cd   Thumb Code    36  printfa.o(i._printf_post_padding)
    i._printf_post_padding                   0x080028cc   Section        0  printfa.o(i._printf_post_padding)
    _printf_pre_padding                      0x080028f1   Thumb Code    46  printfa.o(i._printf_pre_padding)
    i._printf_pre_padding                    0x080028f0   Section        0  printfa.o(i._printf_pre_padding)
    _sputc                                   0x0800291f   Thumb Code    10  printfa.o(i._sputc)
    i._sputc                                 0x0800291e   Section        0  printfa.o(i._sputc)
    .L.str.1                                 0x08002942   Data          10  main.o(.rodata.str1.1)
    [Anonymous Symbol]                       0x08002942   Section        0  main.o(.rodata.str1.1)
    .L.str                                   0x0800294c   Data          77  main.o(.rodata.str1.1)
    .data                                    0x20000000   Section        4  stdout.o(.data)
    STACK                                    0x20000068   Section     1024  startup_stm32f401xe.o(STACK)

    Global Symbols

    Symbol Name                              Value     Ov Type        Size  Object(Section)

    BuildAttributes$$THM_ISAv4$E$P$D$K$B$S$7EM$VFPi3$EXTD16$VFPS$VFMA$PE$A:L22UL41UL21$X:L11$S22US41US21$IEEE1$IW$~IW$USESV6$~STKCKD$USESV7$~SHL$OSPACE$ROPI$EBA8$MICROLIB$REQ8$PRES8$EABIv2 0x00000000   Number         0  anon$$obj.o ABSOLUTE
    __cpp_initialize__aeabi_                  - Undefined Weak Reference
    __cxa_finalize                            - Undefined Weak Reference
    __decompress                              - Undefined Weak Reference
    _clock_init                               - Undefined Weak Reference
    _microlib_exit                            - Undefined Weak Reference
    __Vectors_Size                           0x00000194   Number         0  startup_stm32f401xe.o ABSOLUTE
    __Vectors                                0x08000000   Data           4  startup_stm32f401xe.o(RESET)
    __Vectors_End                            0x08000194   Data           0  startup_stm32f401xe.o(RESET)
    __main                                   0x08000195   Thumb Code     0  entry.o(.ARM.Collect$$$$00000000)
    _main_stk                                0x08000195   Thumb Code     0  entry2.o(.ARM.Collect$$$$00000001)
    _main_scatterload                        0x08000199   Thumb Code     0  entry5.o(.ARM.Collect$$$$00000004)
    __main_after_scatterload                 0x0800019d   Thumb Code     0  entry5.o(.ARM.Collect$$$$00000004)
    _main_clock                              0x0800019d   Thumb Code     0  entry7b.o(.ARM.Collect$$$$00000008)
    _main_cpp_init                           0x0800019d   Thumb Code     0  entry8b.o(.ARM.Collect$$$$0000000A)
    _main_init                               0x0800019d   Thumb Code     0  entry9a.o(.ARM.Collect$$$$0000000B)
    __rt_final_cpp                           0x080001a5   Thumb Code     0  entry10a.o(.ARM.Collect$$$$0000000D)
    __rt_final_exit                          0x080001a5   Thumb Code     0  entry11a.o(.ARM.Collect$$$$0000000F)
    Reset_Handler                            0x080001a9   Thumb Code     8  startup_stm32f401xe.o(.text)
    ADC_IRQHandler                           0x080001c3   Thumb Code     0  startup_stm32f401xe.o(.text)
    DMA1_Stream0_IRQHandler                  0x080001c3   Thumb Code     0  startup_stm32f401xe.o(.text)
    DMA1_Stream1_IRQHandler                  0x080001c3   Thumb Code     0  startup_stm32f401xe.o(.text)
    DMA1_Stream2_IRQHandler                  0x080001c3   Thumb Code     0  startup_stm32f401xe.o(.text)
    DMA1_Stream3_IRQHandler                  0x080001c3   Thumb Code     0  startup_stm32f401xe.o(.text)
    DMA1_Stream4_IRQHandler                  0x080001c3   Thumb Code     0  startup_stm32f401xe.o(.text)
    DMA1_Stream5_IRQHandler                  0x080001c3   Thumb Code     0  startup_stm32f401xe.o(.text)
    DMA1_Stream6_IRQHandler                  0x080001c3   Thumb Code     0  startup_stm32f401xe.o(.text)
    DMA1_Stream7_IRQHandler                  0x080001c3   Thumb Code     0  startup_stm32f401xe.o(.text)
    DMA2_Stream0_IRQHandler                  0x080001c3   Thumb Code     0  startup_stm32f401xe.o(.text)
    DMA2_Stream1_IRQHandler                  0x080001c3   Thumb Code     0  startup_stm32f401xe.o(.text)
    DMA2_Stream2_IRQHandler                  0x080001c3   Thumb Code     0  startup_stm32f401xe.o(.text)
    DMA2_Stream3_IRQHandler                  0x080001c3   Thumb Code     0  startup_stm32f401xe.o(.text)
    DMA2_Stream4_IRQHandler                  0x080001c3   Thumb Code     0  startup_stm32f401xe.o(.text)
    DMA2_Stream5_IRQHandler                  0x080001c3   Thumb Code     0  startup_stm32f401xe.o(.text)
    DMA2_Stream6_IRQHandler                  0x080001c3   Thumb Code     0  startup_stm32f401xe.o(.text)
    DMA2_Stream7_IRQHandler                  0x080001c3   Thumb Code     0  startup_stm32f401xe.o(.text)
    EXTI0_IRQHandler                         0x080001c3   Thumb Code     0  startup_stm32f401xe.o(.text)
    EXTI15_10_IRQHandler                     0x080001c3   Thumb Code     0  startup_stm32f401xe.o(.text)
    EXTI1_IRQHandler                         0x080001c3   Thumb Code     0  startup_stm32f401xe.o(.text)
    EXTI2_IRQHandler                         0x080001c3   Thumb Code     0  startup_stm32f401xe.o(.text)
    EXTI3_IRQHandler                         0x080001c3   Thumb Code     0  startup_stm32f401xe.o(.text)
    EXTI4_IRQHandler                         0x080001c3   Thumb Code     0  startup_stm32f401xe.o(.text)
    EXTI9_5_IRQHandler                       0x080001c3   Thumb Code     0  startup_stm32f401xe.o(.text)
    FLASH_IRQHandler                         0x080001c3   Thumb Code     0  startup_stm32f401xe.o(.text)
    FPU_IRQHandler                           0x080001c3   Thumb Code     0  startup_stm32f401xe.o(.text)
    I2C1_ER_IRQHandler                       0x080001c3   Thumb Code     0  startup_stm32f401xe.o(.text)
    I2C1_EV_IRQHandler                       0x080001c3   Thumb Code     0  startup_stm32f401xe.o(.text)
    I2C2_ER_IRQHandler                       0x080001c3   Thumb Code     0  startup_stm32f401xe.o(.text)
    I2C2_EV_IRQHandler                       0x080001c3   Thumb Code     0  startup_stm32f401xe.o(.text)
    I2C3_ER_IRQHandler                       0x080001c3   Thumb Code     0  startup_stm32f401xe.o(.text)
    I2C3_EV_IRQHandler                       0x080001c3   Thumb Code     0  startup_stm32f401xe.o(.text)
    OTG_FS_IRQHandler                        0x080001c3   Thumb Code     0  startup_stm32f401xe.o(.text)
    OTG_FS_WKUP_IRQHandler                   0x080001c3   Thumb Code     0  startup_stm32f401xe.o(.text)
    PVD_IRQHandler                           0x080001c3   Thumb Code     0  startup_stm32f401xe.o(.text)
    RCC_IRQHandler                           0x080001c3   Thumb Code     0  startup_stm32f401xe.o(.text)
    RTC_Alarm_IRQHandler                     0x080001c3   Thumb Code     0  startup_stm32f401xe.o(.text)
    RTC_WKUP_IRQHandler                      0x080001c3   Thumb Code     0  startup_stm32f401xe.o(.text)
    SDIO_IRQHandler                          0x080001c3   Thumb Code     0  startup_stm32f401xe.o(.text)
    SPI1_IRQHandler                          0x080001c3   Thumb Code     0  startup_stm32f401xe.o(.text)
    SPI2_IRQHandler                          0x080001c3   Thumb Code     0  startup_stm32f401xe.o(.text)
    SPI3_IRQHandler                          0x080001c3   Thumb Code     0  startup_stm32f401xe.o(.text)
    SPI4_IRQHandler                          0x080001c3   Thumb Code     0  startup_stm32f401xe.o(.text)
    TAMP_STAMP_IRQHandler                    0x080001c3   Thumb Code     0  startup_stm32f401xe.o(.text)
    TIM1_BRK_TIM9_IRQHandler                 0x080001c3   Thumb Code     0  startup_stm32f401xe.o(.text)
    TIM1_CC_IRQHandler                       0x080001c3   Thumb Code     0  startup_stm32f401xe.o(.text)
    TIM1_TRG_COM_TIM11_IRQHandler            0x080001c3   Thumb Code     0  startup_stm32f401xe.o(.text)
    TIM1_UP_TIM10_IRQHandler                 0x080001c3   Thumb Code     0  startup_stm32f401xe.o(.text)
    TIM2_IRQHandler                          0x080001c3   Thumb Code     0  startup_stm32f401xe.o(.text)
    TIM3_IRQHandler                          0x080001c3   Thumb Code     0  startup_stm32f401xe.o(.text)
    TIM4_IRQHandler                          0x080001c3   Thumb Code     0  startup_stm32f401xe.o(.text)
    TIM5_IRQHandler                          0x080001c3   Thumb Code     0  startup_stm32f401xe.o(.text)
    USART1_IRQHandler                        0x080001c3   Thumb Code     0  startup_stm32f401xe.o(.text)
    USART2_IRQHandler                        0x080001c3   Thumb Code     0  startup_stm32f401xe.o(.text)
    USART6_IRQHandler                        0x080001c3   Thumb Code     0  startup_stm32f401xe.o(.text)
    WWDG_IRQHandler                          0x080001c3   Thumb Code     0  startup_stm32f401xe.o(.text)
    __aeabi_uldivmod                         0x080001cd   Thumb Code    98  uldiv.o(.text)
    strlen                                   0x0800022f   Thumb Code    14  strlen.o(.text)
    __aeabi_uidiv                            0x0800023d   Thumb Code     0  uidiv.o(.text)
    __aeabi_uidivmod                         0x0800023d   Thumb Code    44  uidiv.o(.text)
    __aeabi_llsl                             0x08000269   Thumb Code    30  llshl.o(.text)
    _ll_shift_l                              0x08000269   Thumb Code     0  llshl.o(.text)
    __aeabi_llsr                             0x08000287   Thumb Code    32  llushr.o(.text)
    _ll_ushift_r                             0x08000287   Thumb Code     0  llushr.o(.text)
    __I$use$fp                               0x080002a7   Thumb Code     0  iusefp.o(.text)
    __aeabi_dadd                             0x080002a7   Thumb Code   322  dadd.o(.text)
    __aeabi_dsub                             0x080003e9   Thumb Code     6  dadd.o(.text)
    __aeabi_drsub                            0x080003ef   Thumb Code     6  dadd.o(.text)
    __aeabi_dmul                             0x080003f5   Thumb Code   228  dmul.o(.text)
    __aeabi_ddiv                             0x080004d9   Thumb Code   222  ddiv.o(.text)
    __aeabi_d2ulz                            0x080005b7   Thumb Code    48  dfixul.o(.text)
    __aeabi_cdrcmple                         0x080005e9   Thumb Code    48  cdrcmple.o(.text)
    __scatterload                            0x08000619   Thumb Code    38  init.o(.text)
    __scatterload_rt2                        0x08000619   Thumb Code     0  init.o(.text)
    __aeabi_lasr                             0x08000649   Thumb Code    36  llsshr.o(.text)
    _ll_sshift_r                             0x08000649   Thumb Code     0  llsshr.o(.text)
    _double_round                            0x0800066d   Thumb Code    30  depilogue.o(.text)
    _double_epilogue                         0x0800068b   Thumb Code   156  depilogue.o(.text)
    BSP_LED_Init                             0x08000729   Thumb Code   126  stm32f4xx_nucleo.o(.text.BSP_LED_Init)
    BSP_LED_Off                              0x080007a9   Thumb Code    46  stm32f4xx_nucleo.o(.text.BSP_LED_Off)
    BSP_LED_On                               0x080007d9   Thumb Code    46  stm32f4xx_nucleo.o(.text.BSP_LED_On)
    BusFault_Handler                         0x08000809   Thumb Code     4  stm32f4xx_it.o(.text.BusFault_Handler)
    DebugMon_Handler                         0x0800080d   Thumb Code     2  stm32f4xx_it.o(.text.DebugMon_Handler)
    HAL_Delay                                0x0800081d   Thumb Code    66  stm32f4xx_hal.o(.text.HAL_Delay)
    HAL_GPIO_Init                            0x08000861   Thumb Code   866  stm32f4xx_hal_gpio.o(.text.HAL_GPIO_Init)
    HAL_GPIO_WritePin                        0x08000bc5   Thumb Code    46  stm32f4xx_hal_gpio.o(.text.HAL_GPIO_WritePin)
    HAL_GetTick                              0x08000bf5   Thumb Code    12  stm32f4xx_hal.o(.text.HAL_GetTick)
    HAL_IncTick                              0x08000c01   Thumb Code    26  stm32f4xx_hal.o(.text.HAL_IncTick)
    HAL_Init                                 0x08000c1d   Thumb Code    54  stm32f4xx_hal.o(.text.HAL_Init)
    HAL_InitTick                             0x08000c55   Thumb Code   112  stm32f4xx_hal.o(.text.HAL_InitTick)
    HAL_MspInit                              0x08000cc5   Thumb Code     2  stm32f4xx_hal.o(.text.HAL_MspInit)
    HAL_NVIC_SetPriority                     0x08000cc9   Thumb Code    50  stm32f4xx_hal_cortex.o(.text.HAL_NVIC_SetPriority)
    HAL_NVIC_SetPriorityGrouping             0x08000cfd   Thumb Code    16  stm32f4xx_hal_cortex.o(.text.HAL_NVIC_SetPriorityGrouping)
    HAL_RCC_ClockConfig                      0x08000d0d   Thumb Code   610  stm32f4xx_hal_rcc.o(.text.HAL_RCC_ClockConfig)
    HAL_RCC_GetHCLKFreq                      0x08000f71   Thumb Code    12  stm32f4xx_hal_rcc.o(.text.HAL_RCC_GetHCLKFreq)
    HAL_RCC_GetPCLK1Freq                     0x08000f7d   Thumb Code    34  stm32f4xx_hal_rcc.o(.text.HAL_RCC_GetPCLK1Freq)
    HAL_RCC_GetPCLK2Freq                     0x08000fa1   Thumb Code    34  stm32f4xx_hal_rcc.o(.text.HAL_RCC_GetPCLK2Freq)
    HAL_RCC_GetSysClockFreq                  0x08000fc5   Thumb Code   230  stm32f4xx_hal_rcc.o(.text.HAL_RCC_GetSysClockFreq)
    HAL_RCC_OscConfig                        0x080010ad   Thumb Code  1726  stm32f4xx_hal_rcc.o(.text.HAL_RCC_OscConfig)
    HAL_SYSTICK_Config                       0x0800176d   Thumb Code    16  stm32f4xx_hal_cortex.o(.text.HAL_SYSTICK_Config)
    HAL_UART_Init                            0x0800177d   Thumb Code   158  stm32f4xx_hal_uart.o(.text.HAL_UART_Init)
    HAL_UART_MspInit                         0x0800181d   Thumb Code   164  stm32f4xx_hal_msp.o(.text.HAL_UART_MspInit)
    HAL_UART_Transmit                        0x080018c1   Thumb Code   304  stm32f4xx_hal_uart.o(.text.HAL_UART_Transmit)
    HardFault_Handler                        0x080019f1   Thumb Code     4  stm32f4xx_it.o(.text.HardFault_Handler)
    MemManage_Handler                        0x080019f5   Thumb Code     4  stm32f4xx_it.o(.text.MemManage_Handler)
    NMI_Handler                              0x080019f9   Thumb Code     2  stm32f4xx_it.o(.text.NMI_Handler)
    PendSV_Handler                           0x08001a69   Thumb Code     2  stm32f4xx_it.o(.text.PendSV_Handler)
    SVC_Handler                              0x08001a6d   Thumb Code     2  stm32f4xx_it.o(.text.SVC_Handler)
    SysTick_Handler                          0x08001ac5   Thumb Code     8  stm32f4xx_it.o(.text.SysTick_Handler)
    SystemInit                               0x08001b7d   Thumb Code   110  system_stm32f4xx.o(.text.SystemInit)
    UsageFault_Handler                       0x08001e99   Thumb Code     4  stm32f4xx_it.o(.text.UsageFault_Handler)
    main                                     0x08001f2d   Thumb Code   154  main.o(.text.main)
    my_printf                                0x08001fc9   Thumb Code    36  main.o(.text.my_printf)
    vprint                                   0x08001fed   Thumb Code    58  main.o(.text.vprint)
    __0vsprintf                              0x08002029   Thumb Code    30  printfa.o(i.__0vsprintf)
    __1vsprintf                              0x08002029   Thumb Code     0  printfa.o(i.__0vsprintf)
    __2vsprintf                              0x08002029   Thumb Code     0  printfa.o(i.__0vsprintf)
    __c89vsprintf                            0x08002029   Thumb Code     0  printfa.o(i.__0vsprintf)
    vsprintf                                 0x08002029   Thumb Code     0  printfa.o(i.__0vsprintf)
    __scatterload_copy                       0x0800204d   Thumb Code    14  handlers.o(i.__scatterload_copy)
    __scatterload_null                       0x0800205b   Thumb Code     2  handlers.o(i.__scatterload_null)
    __scatterload_zeroinit                   0x0800205d   Thumb Code    14  handlers.o(i.__scatterload_zeroinit)
    AHBPrescTable                            0x08002928   Data          16  system_stm32f4xx.o(.rodata.AHBPrescTable)
    APBPrescTable                            0x08002938   Data           8  system_stm32f4xx.o(.rodata.APBPrescTable)
    GPIO_PIN                                 0x08002940   Data           2  stm32f4xx_nucleo.o(.rodata.GPIO_PIN)
    Region$$Table$$Base                      0x0800299c   Number         0  anon$$obj.o(Region$$Table)
    Region$$Table$$Limit                     0x080029bc   Number         0  anon$$obj.o(Region$$Table)
    __stdout                                 0x20000000   Data           4  stdout.o(.data)
    GPIO_PORT                                0x20000004   Data           4  stm32f4xx_nucleo.o(.data.GPIO_PORT)
    SystemCoreClock                          0x20000008   Data           4  system_stm32f4xx.o(.data.SystemCoreClock)
    uwTickFreq                               0x2000000c   Data           1  stm32f4xx_hal.o(.data.uwTickFreq)
    uwTickPrio                               0x20000010   Data           4  stm32f4xx_hal.o(.data.uwTickPrio)
    UartHandle                               0x20000018   Data          72  main.o(.bss.UartHandle)
    uwTick                                   0x20000060   Data           4  stm32f4xx_hal.o(.bss.uwTick)
    __initial_sp                             0x20000468   Data           0  startup_stm32f401xe.o(STACK)



==============================================================================

Memory Map of the image

  Image Entry point : 0x08000195

  Load Region LR_IROM1 (Base: 0x08000000, Size: 0x000029d8, Max: 0x00080000, ABSOLUTE)

    Execution Region ER_IROM1 (Exec base: 0x08000000, Load base: 0x08000000, Size: 0x000029bc, Max: 0x00080000, ABSOLUTE)

    Exec Addr    Load Addr    Size         Type   Attr      Idx    E Section Name        Object

    0x08000000   0x08000000   0x00000194   Data   RO          791    RESET               startup_stm32f401xe.o
    0x08000194   0x08000194   0x00000000   Code   RO          870  * .ARM.Collect$$$$00000000  mc_w.l(entry.o)
    0x08000194   0x08000194   0x00000004   Code   RO          908    .ARM.Collect$$$$00000001  mc_w.l(entry2.o)
    0x08000198   0x08000198   0x00000004   Code   RO          911    .ARM.Collect$$$$00000004  mc_w.l(entry5.o)
    0x0800019c   0x0800019c   0x00000000   Code   RO          913    .ARM.Collect$$$$00000008  mc_w.l(entry7b.o)
    0x0800019c   0x0800019c   0x00000000   Code   RO          915    .ARM.Collect$$$$0000000A  mc_w.l(entry8b.o)
    0x0800019c   0x0800019c   0x00000008   Code   RO          916    .ARM.Collect$$$$0000000B  mc_w.l(entry9a.o)
    0x080001a4   0x080001a4   0x00000000   Code   RO          918    .ARM.Collect$$$$0000000D  mc_w.l(entry10a.o)
    0x080001a4   0x080001a4   0x00000000   Code   RO          920    .ARM.Collect$$$$0000000F  mc_w.l(entry11a.o)
    0x080001a4   0x080001a4   0x00000004   Code   RO          909    .ARM.Collect$$$$00002712  mc_w.l(entry2.o)
    0x080001a8   0x080001a8   0x00000024   Code   RO          792    .text               startup_stm32f401xe.o
    0x080001cc   0x080001cc   0x00000062   Code   RO          876    .text               mc_w.l(uldiv.o)
    0x0800022e   0x0800022e   0x0000000e   Code   RO          878    .text               mc_w.l(strlen.o)
    0x0800023c   0x0800023c   0x0000002c   Code   RO          935    .text               mc_w.l(uidiv.o)
    0x08000268   0x08000268   0x0000001e   Code   RO          937    .text               mc_w.l(llshl.o)
    0x08000286   0x08000286   0x00000020   Code   RO          939    .text               mc_w.l(llushr.o)
    0x080002a6   0x080002a6   0x00000000   Code   RO          941    .text               mc_w.l(iusefp.o)
    0x080002a6   0x080002a6   0x0000014e   Code   RO          942    .text               mf_w.l(dadd.o)
    0x080003f4   0x080003f4   0x000000e4   Code   RO          944    .text               mf_w.l(dmul.o)
    0x080004d8   0x080004d8   0x000000de   Code   RO          946    .text               mf_w.l(ddiv.o)
    0x080005b6   0x080005b6   0x00000030   Code   RO          948    .text               mf_w.l(dfixul.o)
    0x080005e6   0x080005e6   0x00000002   PAD
    0x080005e8   0x080005e8   0x00000030   Code   RO          950    .text               mf_w.l(cdrcmple.o)
    0x08000618   0x08000618   0x00000030   Code   RO          952    .text               mc_w.l(init.o)
    0x08000648   0x08000648   0x00000024   Code   RO          955    .text               mc_w.l(llsshr.o)
    0x0800066c   0x0800066c   0x000000ba   Code   RO          958    .text               mf_w.l(depilogue.o)
    0x08000726   0x08000726   0x00000002   PAD
    0x08000728   0x08000728   0x0000007e   Code   RO            4    .text.BSP_LED_Init  stm32f4xx_nucleo.o
    0x080007a6   0x080007a6   0x00000002   PAD
    0x080007a8   0x080007a8   0x0000002e   Code   RO           10    .text.BSP_LED_Off   stm32f4xx_nucleo.o
    0x080007d6   0x080007d6   0x00000002   PAD
    0x080007d8   0x080007d8   0x0000002e   Code   RO            8    .text.BSP_LED_On    stm32f4xx_nucleo.o
    0x08000806   0x08000806   0x00000002   PAD
    0x08000808   0x08000808   0x00000004   Code   RO          805    .text.BusFault_Handler  stm32f4xx_it.o
    0x0800080c   0x0800080c   0x00000002   Code   RO          811    .text.DebugMon_Handler  stm32f4xx_it.o
    0x0800080e   0x0800080e   0x00000002   PAD
    0x08000810   0x08000810   0x0000000c   Code   RO          843    .text.Error_Handler  main.o
    0x0800081c   0x0800081c   0x00000042   Code   RO          298    .text.HAL_Delay     stm32f4xx_hal.o
    0x0800085e   0x0800085e   0x00000002   PAD
    0x08000860   0x08000860   0x00000362   Code   RO          767    .text.HAL_GPIO_Init  stm32f4xx_hal_gpio.o
    0x08000bc2   0x08000bc2   0x00000002   PAD
    0x08000bc4   0x08000bc4   0x0000002e   Code   RO          773    .text.HAL_GPIO_WritePin  stm32f4xx_hal_gpio.o
    0x08000bf2   0x08000bf2   0x00000002   PAD
    0x08000bf4   0x08000bf4   0x0000000c   Code   RO          290    .text.HAL_GetTick   stm32f4xx_hal.o
    0x08000c00   0x08000c00   0x0000001a   Code   RO          288    .text.HAL_IncTick   stm32f4xx_hal.o
    0x08000c1a   0x08000c1a   0x00000002   PAD
    0x08000c1c   0x08000c1c   0x00000036   Code   RO          278    .text.HAL_Init      stm32f4xx_hal.o
    0x08000c52   0x08000c52   0x00000002   PAD
    0x08000c54   0x08000c54   0x00000070   Code   RO          280    .text.HAL_InitTick  stm32f4xx_hal.o
    0x08000cc4   0x08000cc4   0x00000002   Code   RO          282    .text.HAL_MspInit   stm32f4xx_hal.o
    0x08000cc6   0x08000cc6   0x00000002   PAD
    0x08000cc8   0x08000cc8   0x00000032   Code   RO          679    .text.HAL_NVIC_SetPriority  stm32f4xx_hal_cortex.o
    0x08000cfa   0x08000cfa   0x00000002   PAD
    0x08000cfc   0x08000cfc   0x00000010   Code   RO          675    .text.HAL_NVIC_SetPriorityGrouping  stm32f4xx_hal_cortex.o
    0x08000d0c   0x08000d0c   0x00000262   Code   RO          534    .text.HAL_RCC_ClockConfig  stm32f4xx_hal_rcc.o
    0x08000f6e   0x08000f6e   0x00000002   PAD
    0x08000f70   0x08000f70   0x0000000c   Code   RO          544    .text.HAL_RCC_GetHCLKFreq  stm32f4xx_hal_rcc.o
    0x08000f7c   0x08000f7c   0x00000022   Code   RO          546    .text.HAL_RCC_GetPCLK1Freq  stm32f4xx_hal_rcc.o
    0x08000f9e   0x08000f9e   0x00000002   PAD
    0x08000fa0   0x08000fa0   0x00000022   Code   RO          548    .text.HAL_RCC_GetPCLK2Freq  stm32f4xx_hal_rcc.o
    0x08000fc2   0x08000fc2   0x00000002   PAD
    0x08000fc4   0x08000fc4   0x000000e6   Code   RO          536    .text.HAL_RCC_GetSysClockFreq  stm32f4xx_hal_rcc.o
    0x080010aa   0x080010aa   0x00000002   PAD
    0x080010ac   0x080010ac   0x000006be   Code   RO          532    .text.HAL_RCC_OscConfig  stm32f4xx_hal_rcc.o
    0x0800176a   0x0800176a   0x00000002   PAD
    0x0800176c   0x0800176c   0x00000010   Code   RO          699    .text.HAL_SYSTICK_Config  stm32f4xx_hal_cortex.o
    0x0800177c   0x0800177c   0x0000009e   Code   RO          342    .text.HAL_UART_Init  stm32f4xx_hal_uart.o
    0x0800181a   0x0800181a   0x00000002   PAD
    0x0800181c   0x0800181c   0x000000a4   Code   RO          824    .text.HAL_UART_MspInit  stm32f4xx_hal_msp.o
    0x080018c0   0x080018c0   0x00000130   Code   RO          358    .text.HAL_UART_Transmit  stm32f4xx_hal_uart.o
    0x080019f0   0x080019f0   0x00000004   Code   RO          801    .text.HardFault_Handler  stm32f4xx_it.o
    0x080019f4   0x080019f4   0x00000004   Code   RO          803    .text.MemManage_Handler  stm32f4xx_it.o
    0x080019f8   0x080019f8   0x00000002   Code   RO          799    .text.NMI_Handler   stm32f4xx_it.o
    0x080019fa   0x080019fa   0x00000002   PAD
    0x080019fc   0x080019fc   0x0000006c   Code   RO          685    .text.NVIC_EncodePriority  stm32f4xx_hal_cortex.o
    0x08001a68   0x08001a68   0x00000002   Code   RO          813    .text.PendSV_Handler  stm32f4xx_it.o
    0x08001a6a   0x08001a6a   0x00000002   PAD
    0x08001a6c   0x08001a6c   0x00000002   Code   RO          809    .text.SVC_Handler   stm32f4xx_it.o
    0x08001a6e   0x08001a6e   0x00000002   PAD
    0x08001a70   0x08001a70   0x00000052   Code   RO          701    .text.SysTick_Config  stm32f4xx_hal_cortex.o
    0x08001ac2   0x08001ac2   0x00000002   PAD
    0x08001ac4   0x08001ac4   0x00000008   Code   RO          815    .text.SysTick_Handler  stm32f4xx_it.o
    0x08001acc   0x08001acc   0x000000b0   Code   RO          841    .text.SystemClock_Config  main.o
    0x08001b7c   0x08001b7c   0x0000006e   Code   RO          857    .text.SystemInit    system_stm32f4xx.o
    0x08001bea   0x08001bea   0x00000002   PAD
    0x08001bec   0x08001bec   0x00000094   Code   RO          390    .text.UART_EndRxTransfer  stm32f4xx_hal_uart.o
    0x08001c80   0x08001c80   0x0000013a   Code   RO          346    .text.UART_SetConfig  stm32f4xx_hal_uart.o
    0x08001dba   0x08001dba   0x00000002   PAD
    0x08001dbc   0x08001dbc   0x000000da   Code   RO          360    .text.UART_WaitOnFlagUntilTimeout  stm32f4xx_hal_uart.o
    0x08001e96   0x08001e96   0x00000002   PAD
    0x08001e98   0x08001e98   0x00000004   Code   RO          807    .text.UsageFault_Handler  stm32f4xx_it.o
    0x08001e9c   0x08001e9c   0x00000010   Code   RO          681    .text.__NVIC_GetPriorityGrouping  stm32f4xx_hal_cortex.o
    0x08001eac   0x08001eac   0x00000042   Code   RO          683    .text.__NVIC_SetPriority  stm32f4xx_hal_cortex.o
    0x08001eee   0x08001eee   0x00000002   PAD
    0x08001ef0   0x08001ef0   0x0000003c   Code   RO          677    .text.__NVIC_SetPriorityGrouping  stm32f4xx_hal_cortex.o
    0x08001f2c   0x08001f2c   0x0000009a   Code   RO          839    .text.main          main.o
    0x08001fc6   0x08001fc6   0x00000002   PAD
    0x08001fc8   0x08001fc8   0x00000024   Code   RO          837    .text.my_printf     main.o
    0x08001fec   0x08001fec   0x0000003a   Code   RO          835    .text.vprint        main.o
    0x08002026   0x08002026   0x00000002   PAD
    0x08002028   0x08002028   0x00000024   Code   RO          887    i.__0vsprintf       mc_w.l(printfa.o)
    0x0800204c   0x0800204c   0x0000000e   Code   RO          962    i.__scatterload_copy  mc_w.l(handlers.o)
    0x0800205a   0x0800205a   0x00000002   Code   RO          963    i.__scatterload_null  mc_w.l(handlers.o)
    0x0800205c   0x0800205c   0x0000000e   Code   RO          964    i.__scatterload_zeroinit  mc_w.l(handlers.o)
    0x0800206a   0x0800206a   0x00000002   PAD
    0x0800206c   0x0800206c   0x00000184   Code   RO          888    i._fp_digits        mc_w.l(printfa.o)
    0x080021f0   0x080021f0   0x000006dc   Code   RO          889    i._printf_core      mc_w.l(printfa.o)
    0x080028cc   0x080028cc   0x00000024   Code   RO          890    i._printf_post_padding  mc_w.l(printfa.o)
    0x080028f0   0x080028f0   0x0000002e   Code   RO          891    i._printf_pre_padding  mc_w.l(printfa.o)
    0x0800291e   0x0800291e   0x0000000a   Code   RO          893    i._sputc            mc_w.l(printfa.o)
    0x08002928   0x08002928   0x00000010   Data   RO          862    .rodata.AHBPrescTable  system_stm32f4xx.o
    0x08002938   0x08002938   0x00000008   Data   RO          863    .rodata.APBPrescTable  system_stm32f4xx.o
    0x08002940   0x08002940   0x00000002   Data   RO           63    .rodata.GPIO_PIN    stm32f4xx_nucleo.o
    0x08002942   0x08002942   0x00000057   Data   RO          848    .rodata.str1.1      main.o
    0x08002999   0x08002999   0x00000003   PAD
    0x0800299c   0x0800299c   0x00000020   Data   RO          961    Region$$Table       anon$$obj.o


    Execution Region RW_IRAM1 (Exec base: 0x20000000, Load base: 0x080029c0, Size: 0x00000468, Max: 0x00018000, ABSOLUTE)

    Exec Addr    Load Addr    Size         Type   Attr      Idx    E Section Name        Object

    0x20000000   0x080029c0   0x00000004   Data   RW          875    .data               mc_w.l(stdout.o)
    0x20000004   0x080029c4   0x00000004   Data   RW           62    .data.GPIO_PORT     stm32f4xx_nucleo.o
    0x20000008   0x080029c8   0x00000004   Data   RW          861    .data.SystemCoreClock  system_stm32f4xx.o
    0x2000000c   0x080029cc   0x00000001   Data   RW          333    .data.uwTickFreq    stm32f4xx_hal.o
    0x2000000d   0x080029cd   0x00000003   PAD
    0x20000010   0x080029d0   0x00000004   Data   RW          332    .data.uwTickPrio    stm32f4xx_hal.o
    0x20000014   0x080029d4   0x00000004   PAD
    0x20000018        -       0x00000048   Zero   RW          847    .bss.UartHandle     main.o
    0x20000060        -       0x00000004   Zero   RW          334    .bss.uwTick         stm32f4xx_hal.o
    0x20000064   0x080029d4   0x00000004   PAD
    0x20000068        -       0x00000400   Zero   RW          789    STACK               startup_stm32f401xe.o


==============================================================================

Image component sizes


      Code (inc. data)   RO Data    RW Data    ZI Data      Debug   Object Name

       436          0         87          0         72       7442   main.o
        36          8        404          0       1024        908   startup_stm32f401xe.o
       272          0          0          5          4       6831   stm32f4xx_hal.o
       414          0          0          0          0       9203   stm32f4xx_hal_cortex.o
       912          0          0          0          0       5224   stm32f4xx_hal_gpio.o
       164          0          0          0          0       4766   stm32f4xx_hal_msp.o
      2646          0          0          0          0       7765   stm32f4xx_hal_rcc.o
      1142          0          0          0          0      20470   stm32f4xx_hal_uart.o
        32          0          0          0          0       1073   stm32f4xx_it.o
       218          0          2          4          0      12985   stm32f4xx_nucleo.o
       110          0         24          4          0       2708   system_stm32f4xx.o

    ----------------------------------------------------------------------
      6436          8        552         16       1108      79375   Object Totals
         0          0         32          0          0          0   (incl. Generated)
        54          0          3          3          8          0   (incl. Padding)

    ----------------------------------------------------------------------

      Code (inc. data)   RO Data    RW Data    ZI Data      Debug   Library Member Name

         0          0          0          0          0          0   entry.o
         0          0          0          0          0          0   entry10a.o
         0          0          0          0          0          0   entry11a.o
         8          4          0          0          0          0   entry2.o
         4          0          0          0          0          0   entry5.o
         0          0          0          0          0          0   entry7b.o
         0          0          0          0          0          0   entry8b.o
         8          4          0          0          0          0   entry9a.o
        30          0          0          0          0          0   handlers.o
        48         10          0          0          0         68   init.o
         0          0          0          0          0          0   iusefp.o
        30          0          0          0          0         68   llshl.o
        36          0          0          0          0         68   llsshr.o
        32          0          0          0          0         68   llushr.o
      2272         86          0          0          0        516   printfa.o
         0          0          0          4          0          0   stdout.o
        14          0          0          0          0         68   strlen.o
        44          0          0          0          0         80   uidiv.o
        98          0          0          0          0         92   uldiv.o
        48          0          0          0          0         68   cdrcmple.o
       334          0          0          0          0        148   dadd.o
       222          0          0          0          0        100   ddiv.o
       186          0          0          0          0        176   depilogue.o
        48          0          0          0          0         68   dfixul.o
       228          0          0          0          0         96   dmul.o

    ----------------------------------------------------------------------
      3696        104          0          4          0       1684   Library Totals
         6          0          0          0          0          0   (incl. Padding)

    ----------------------------------------------------------------------

      Code (inc. data)   RO Data    RW Data    ZI Data      Debug   Library Name

      2624        104          0          4          0       1028   mc_w.l
      1066          0          0          0          0        656   mf_w.l

    ----------------------------------------------------------------------
      3696        104          0          4          0       1684   Library Totals

    ----------------------------------------------------------------------

==============================================================================


      Code (inc. data)   RO Data    RW Data    ZI Data      Debug   

     10132        112        552         20       1108      80251   Grand Totals
     10132        112        552         20       1108      80251   ELF Image Totals
     10132        112        552         20          0          0   ROM Totals

==============================================================================

    Total RO  Size (Code + RO Data)                10684 (  10.43kB)
    Total RW  Size (RW Data + ZI Data)              1128 (   1.10kB)
    Total ROM Size (Code + RO Data + RW Data)      10704 (  10.45kB)

==============================================================================

